Archive member included to satisfy reference by file (symbol)

C:/ST/STM32CubeIDE_1.14.1/STM32CubeIDE/plugins/com.st.stm32cube.ide.mcu.externaltools.gnu-tools-for-stm32.13.3.rel1.win32_1.0.0.202411081344/tools/bin/../lib/gcc/arm-none-eabi/13.3.1/../../../../arm-none-eabi/lib/thumb/v7-m/nofp\libc_nano.a(libc_a-exit.o)
                              C:/ST/STM32CubeIDE_1.14.1/STM32CubeIDE/plugins/com.st.stm32cube.ide.mcu.externaltools.gnu-tools-for-stm32.13.3.rel1.win32_1.0.0.202411081344/tools/bin/../lib/gcc/arm-none-eabi/13.3.1/../../../../arm-none-eabi/lib/thumb/v7-m/nofp/crt0.o (exit)
C:/ST/STM32CubeIDE_1.14.1/STM32CubeIDE/plugins/com.st.stm32cube.ide.mcu.externaltools.gnu-tools-for-stm32.13.3.rel1.win32_1.0.0.202411081344/tools/bin/../lib/gcc/arm-none-eabi/13.3.1/../../../../arm-none-eabi/lib/thumb/v7-m/nofp\libc_nano.a(libc_a-findfp.o)
                              C:/ST/STM32CubeIDE_1.14.1/STM32CubeIDE/plugins/com.st.stm32cube.ide.mcu.externaltools.gnu-tools-for-stm32.13.3.rel1.win32_1.0.0.202411081344/tools/bin/../lib/gcc/arm-none-eabi/13.3.1/../../../../arm-none-eabi/lib/thumb/v7-m/nofp\libc_nano.a(libc_a-exit.o) (__stdio_exit_handler)
C:/ST/STM32CubeIDE_1.14.1/STM32CubeIDE/plugins/com.st.stm32cube.ide.mcu.externaltools.gnu-tools-for-stm32.13.3.rel1.win32_1.0.0.202411081344/tools/bin/../lib/gcc/arm-none-eabi/13.3.1/../../../../arm-none-eabi/lib/thumb/v7-m/nofp\libc_nano.a(libc_a-fwalk.o)
                              C:/ST/STM32CubeIDE_1.14.1/STM32CubeIDE/plugins/com.st.stm32cube.ide.mcu.externaltools.gnu-tools-for-stm32.13.3.rel1.win32_1.0.0.202411081344/tools/bin/../lib/gcc/arm-none-eabi/13.3.1/../../../../arm-none-eabi/lib/thumb/v7-m/nofp\libc_nano.a(libc_a-findfp.o) (_fwalk_sglue)
C:/ST/STM32CubeIDE_1.14.1/STM32CubeIDE/plugins/com.st.stm32cube.ide.mcu.externaltools.gnu-tools-for-stm32.13.3.rel1.win32_1.0.0.202411081344/tools/bin/../lib/gcc/arm-none-eabi/13.3.1/../../../../arm-none-eabi/lib/thumb/v7-m/nofp\libc_nano.a(libc_a-stdio.o)
                              C:/ST/STM32CubeIDE_1.14.1/STM32CubeIDE/plugins/com.st.stm32cube.ide.mcu.externaltools.gnu-tools-for-stm32.13.3.rel1.win32_1.0.0.202411081344/tools/bin/../lib/gcc/arm-none-eabi/13.3.1/../../../../arm-none-eabi/lib/thumb/v7-m/nofp\libc_nano.a(libc_a-findfp.o) (__sread)
C:/ST/STM32CubeIDE_1.14.1/STM32CubeIDE/plugins/com.st.stm32cube.ide.mcu.externaltools.gnu-tools-for-stm32.13.3.rel1.win32_1.0.0.202411081344/tools/bin/../lib/gcc/arm-none-eabi/13.3.1/../../../../arm-none-eabi/lib/thumb/v7-m/nofp\libc_nano.a(libc_a-memset.o)
                              C:/ST/STM32CubeIDE_1.14.1/STM32CubeIDE/plugins/com.st.stm32cube.ide.mcu.externaltools.gnu-tools-for-stm32.13.3.rel1.win32_1.0.0.202411081344/tools/bin/../lib/gcc/arm-none-eabi/13.3.1/../../../../arm-none-eabi/lib/thumb/v7-m/nofp/crt0.o (memset)
C:/ST/STM32CubeIDE_1.14.1/STM32CubeIDE/plugins/com.st.stm32cube.ide.mcu.externaltools.gnu-tools-for-stm32.13.3.rel1.win32_1.0.0.202411081344/tools/bin/../lib/gcc/arm-none-eabi/13.3.1/../../../../arm-none-eabi/lib/thumb/v7-m/nofp\libc_nano.a(libc_a-closer.o)
                              C:/ST/STM32CubeIDE_1.14.1/STM32CubeIDE/plugins/com.st.stm32cube.ide.mcu.externaltools.gnu-tools-for-stm32.13.3.rel1.win32_1.0.0.202411081344/tools/bin/../lib/gcc/arm-none-eabi/13.3.1/../../../../arm-none-eabi/lib/thumb/v7-m/nofp\libc_nano.a(libc_a-stdio.o) (_close_r)
C:/ST/STM32CubeIDE_1.14.1/STM32CubeIDE/plugins/com.st.stm32cube.ide.mcu.externaltools.gnu-tools-for-stm32.13.3.rel1.win32_1.0.0.202411081344/tools/bin/../lib/gcc/arm-none-eabi/13.3.1/../../../../arm-none-eabi/lib/thumb/v7-m/nofp\libc_nano.a(libc_a-reent.o)
                              C:/ST/STM32CubeIDE_1.14.1/STM32CubeIDE/plugins/com.st.stm32cube.ide.mcu.externaltools.gnu-tools-for-stm32.13.3.rel1.win32_1.0.0.202411081344/tools/bin/../lib/gcc/arm-none-eabi/13.3.1/../../../../arm-none-eabi/lib/thumb/v7-m/nofp\libc_nano.a(libc_a-closer.o) (errno)
C:/ST/STM32CubeIDE_1.14.1/STM32CubeIDE/plugins/com.st.stm32cube.ide.mcu.externaltools.gnu-tools-for-stm32.13.3.rel1.win32_1.0.0.202411081344/tools/bin/../lib/gcc/arm-none-eabi/13.3.1/../../../../arm-none-eabi/lib/thumb/v7-m/nofp\libc_nano.a(libc_a-impure.o)
                              C:/ST/STM32CubeIDE_1.14.1/STM32CubeIDE/plugins/com.st.stm32cube.ide.mcu.externaltools.gnu-tools-for-stm32.13.3.rel1.win32_1.0.0.202411081344/tools/bin/../lib/gcc/arm-none-eabi/13.3.1/../../../../arm-none-eabi/lib/thumb/v7-m/nofp\libc_nano.a(libc_a-reent.o) (_impure_ptr)
C:/ST/STM32CubeIDE_1.14.1/STM32CubeIDE/plugins/com.st.stm32cube.ide.mcu.externaltools.gnu-tools-for-stm32.13.3.rel1.win32_1.0.0.202411081344/tools/bin/../lib/gcc/arm-none-eabi/13.3.1/../../../../arm-none-eabi/lib/thumb/v7-m/nofp\libc_nano.a(libc_a-lseekr.o)
[...]
Memory Configuration

Name             Origin             Length             Attributes
RAM              0x20000000         0x00005000         xrw
FLASH            0x08000000         0x00010000         xr
*default*        0x00000000         0xffffffff

Linker script and memory map

LOAD C:/ST/STM32CubeIDE_1.14.1/STM32CubeIDE/plugins/com.st.stm32cube.ide.mcu.externaltools.gnu-tools-for-stm32.13.3.rel1.win32_1.0.0.202411081344/tools/bin/../lib/gcc/arm-none-eabi/13.3.1/thumb/v7-m/nofp/crti.o
LOAD C:/ST/STM32CubeIDE_1.14.1/STM32CubeIDE/plugins/com.st.stm32cube.ide.mcu.externaltools.gnu-tools-for-stm32.13.3.rel1.win32_1.0.0.202411081344/tools/bin/../lib/gcc/arm-none-eabi/13.3.1/thumb/v7-m/nofp/crtbegin.o
LOAD C:/ST/STM32CubeIDE_1.14.1/STM32CubeIDE/plugins/com.st.stm32cube.ide.mcu.externaltools.gnu-tools-for-stm32.13.3.rel1.win32_1.0.0.202411081344/tools/bin/../lib/gcc/arm-none-eabi/13.3.1/../../../../arm-none-eabi/lib/thumb/v7-m/nofp/crt0.o
LOAD ./Core/Src/main.o
LOAD ./Core/Src/stm32f1xx_hal_msp.o
LOAD ./Core/Src/stm32f1xx_it.o
LOAD ./Core/Src/syscalls.o
LOAD ./Core/Src/sysmem.o
LOAD ./Core/Src/system_stm32f1xx.o
LOAD ./Core/Startup/startup_stm32f103c8tx.o
LOAD ./Core/drivers/rtc/rtc_driver.o
LOAD ./Core/drivers/sd_card/fatfs_sd.o
LOAD ./Core/drivers/sht21/crc8.o
LOAD ./Core/drivers/sht21/sht21_driver.o
LOAD ./Core/services/rtc_manager/date_and_time.o
LOAD ./Core/services/rtc_manager/rtc_manager.o
LOAD ./Drivers/STM32F1xx_HAL_Driver/Src/stm32f1xx_hal.o
LOAD ./Drivers/STM32F1xx_HAL_Driver/Src/stm32f1xx_hal_cortex.o
LOAD ./Drivers/STM32F1xx_HAL_Driver/Src/stm32f1xx_hal_dma.o
LOAD ./Drivers/STM32F1xx_HAL_Driver/Src/stm32f1xx_hal_exti.o
LOAD ./Drivers/STM32F1xx_HAL_Driver/Src/stm32f1xx_hal_flash.o
LOAD ./Drivers/STM32F1xx_HAL_Driver/Src/stm32f1xx_hal_flash_ex.o
LOAD ./Drivers/STM32F1xx_HAL_Driver/Src/stm32f1xx_hal_gpio.o
LOAD ./Drivers/STM32F1xx_HAL_Driver/Src/stm32f1xx_hal_gpio_ex.o
LOAD ./Drivers/STM32F1xx_HAL_Driver/Src/stm32f1xx_hal_i2c.o
LOAD ./Drivers/STM32F1xx_HAL_Driver/Src/stm32f1xx_hal_pwr.o
LOAD ./Drivers/STM32F1xx_HAL_Driver/Src/stm32f1xx_hal_rcc.o
LOAD ./Drivers/STM32F1xx_HAL_Driver/Src/stm32f1xx_hal_rcc_ex.o
LOAD ./Drivers/STM32F1xx_HAL_Driver/Src/stm32f1xx_hal_spi.o
LOAD ./FATFS/App/fatfs.o
LOAD ./FATFS/Target/user_diskio.o
LOAD ./Middlewares/Third_Party/FatFs/src/diskio.o
LOAD ./Middlewares/Third_Party/FatFs/src/ff.o
LOAD ./Middlewares/Third_Party/FatFs/src/ff_gen_drv.o
LOAD ./Middlewares/Third_Party/FatFs/src/option/ccsbcs.o
LOAD ./Middlewares/Third_Party/FatFs/src/option/syscall.o
START GROUP
LOAD C:/ST/STM32CubeIDE_1.14.1/STM32CubeIDE/plugins/com.st.stm32cube.ide.mcu.externaltools.gnu-tools-for-stm32.13.3.rel1.win32_1.0.0.202411081344/tools/bin/../lib/gcc/arm-none-eabi/13.3.1/../../../../arm-none-eabi/lib/thumb/v7-m/nofp\libc_nano.a
LOAD C:/ST/STM32CubeIDE_1.14.1/STM32CubeIDE/plugins/com.st.stm32cube.ide.mcu.externaltools.gnu-tools-for-stm32.13.3.rel1.win32_1.0.0.202411081344/tools/bin/../lib/gcc/arm-none-eabi/13.3.1/../../../../arm-none-eabi/lib/thumb/v7-m/nofp\libm.a
END GROUP
START GROUP
LOAD C:/ST/STM32CubeIDE_1.14.1/STM32CubeIDE/plugins/com.st.stm32cube.ide.mcu.externaltools.gnu-tools-for-stm32.13.3.rel1.win32_1.0.0.202411081344/tools/bin/../lib/gcc/arm-none-eabi/13.3.1/thumb/v7-m/nofp\libgcc.a
LOAD C:/ST/STM32CubeIDE_1.14.1/STM32CubeIDE/plugins/com.st.stm32cube.ide.mcu.externaltools.gnu-tools-for-stm32.13.3.rel1.win32_1.0.0.202411081344/tools/bin/../lib/gcc/arm-none-eabi/13.3.1/../../../../arm-none-eabi/lib/thumb/v7-m/nofp\libc_nano.a
END GROUP
START GROUP
LOAD C:/ST/STM32CubeIDE_1.14.1/STM32CubeIDE/plugins/com.st.stm32cube.ide.mcu.externaltools.gnu-tools-for-stm32.13.3.rel1.win32_1.0.0.202411081344/tools/bin/../lib/gcc/arm-none-eabi/13.3.1/thumb/v7-m/nofp\libgcc.a
LOAD C:/ST/STM32CubeIDE_1.14.1/STM32CubeIDE/plugins/com.st.stm32cube.ide.mcu.externaltools.gnu-tools-for-stm32.13.3.rel1.win32_1.0.0.202411081344/tools/bin/../lib/gcc/arm-none-eabi/13.3.1/../../../../arm-none-eabi/lib/thumb/v7-m/nofp\libc_nano.a
LOAD C:/ST/STM32CubeIDE_1.14.1/STM32CubeIDE/plugins/com.st.stm32cube.ide.mcu.externaltools.gnu-tools-for-stm32.13.3.rel1.win32_1.0.0.202411081344/tools/bin/../lib/gcc/arm-none-eabi/13.3.1/../../../../arm-none-eabi/lib/thumb/v7-m/nofp\libnosys.a
END GROUP
START GROUP
LOAD C:/ST/STM32CubeIDE_1.14.1/STM32CubeIDE/plugins/com.st.stm32cube.ide.mcu.externaltools.gnu-tools-for-stm32.13.3.rel1.win32_1.0.0.202411081344/tools/bin/../lib/gcc/arm-none-eabi/13.3.1/thumb/v7-m/nofp\libgcc.a
LOAD C:/ST/STM32CubeIDE_1.14.1/STM32CubeIDE/plugins/com.st.stm32cube.ide.mcu.externaltools.gnu-tools-for-stm32.13.3.rel1.win32_1.0.0.202411081344/tools/bin/../lib/gcc/arm-none-eabi/13.3.1/../../../../arm-none-eabi/lib/thumb/v7-m/nofp\libc_nano.a
LOAD C:/ST/STM32CubeIDE_1.14.1/STM32CubeIDE/plugins/com.st.stm32cube.ide.mcu.externaltools.gnu-tools-for-stm32.13.3.rel1.win32_1.0.0.202411081344/tools/bin/../lib/gcc/arm-none-eabi/13.3.1/../../../../arm-none-eabi/lib/thumb/v7-m/nofp\libnosys.a
END GROUP
LOAD C:/ST/STM32CubeIDE_1.14.1/STM32CubeIDE/plugins/com.st.stm32cube.ide.mcu.externaltools.gnu-tools-for-stm32.13.3.rel1.win32_1.0.0.202411081344/tools/bin/../lib/gcc/arm-none-eabi/13.3.1/thumb/v7-m/nofp/crtend.o
LOAD C:/ST/STM32CubeIDE_1.14.1/STM32CubeIDE/plugins/com.st.stm32cube.ide.mcu.externaltools.gnu-tools-for-stm32.13.3.rel1.win32_1.0.0.202411081344/tools/bin/../lib/gcc/arm-none-eabi/13.3.1/thumb/v7-m/nofp/crtn.o
                0x20005000                        _estack = (ORIGIN (RAM) + LENGTH (RAM))
                0x00000200                        _Min_Heap_Size = 0x200
                0x00000400                        _Min_Stack_Size = 0x400

.isr_vector     0x08000000      0x10c
                0x08000000                        . = ALIGN (0x4)
 *(.isr_vector)
 .isr_vector    0x08000000      0x10c ./Core/Startup/startup_stm32f103c8tx.o
                0x08000000                g_pfnVectors
                0x0800010c                        . = ALIGN (0x4)

.text           0x08000110     0x4504
                0x08000110                        . = ALIGN (0x4)
 *(.text)
 .text          0x08000110       0x40 C:/ST/STM32CubeIDE_1.14.1/STM32CubeIDE/plugins/com.st.stm32cube.ide.mcu.externaltools.gnu-tools-for-stm32.13.3.rel1.win32_1.0.0.202411081344/tools/bin/../lib/gcc/arm-none-eabi/13.3.1/thumb/v7-m/nofp/crtbegin.o
 .text          0x08000150      0x378 C:/ST/STM32CubeIDE_1.14.1/STM32CubeIDE/plugins/com.st.stm32cube.ide.mcu.externaltools.gnu-tools-for-stm32.13.3.rel1.win32_1.0.0.202411081344/tools/bin/../lib/gcc/arm-none-eabi/13.3.1/thumb/v7-m/nofp\libgcc.a(_arm_addsubdf3.o)
                0x08000150                __aeabi_drsub
                0x08000158                __aeabi_dsub
                0x08000158                __subdf3
                0x0800015c                __aeabi_dadd
                0x0800015c                __adddf3
                0x080003d4                __floatunsidf
                0x080003d4                __aeabi_ui2d
                0x080003f4                __floatsidf
                0x080003f4                __aeabi_i2d
                0x08000418                __aeabi_f2d
                0x08000418                __extendsfdf2
                0x0800045c                __floatundidf
                0x0800045c                __aeabi_ul2d
                0x0800046c                __floatdidf
                0x0800046c                __aeabi_l2d
 .text          0x080004c8      0x424 C:/ST/STM32CubeIDE_1.14.1/STM32CubeIDE/plugins/com.st.stm32cube.ide.mcu.externaltools.gnu-tools-for-stm32.13.3.rel1.win32_1.0.0.202411081344/tools/bin/../lib/gcc/arm-none-eabi/13.3.1/thumb/v7-m/nofp\libgcc.a(_arm_muldivdf3.o)
                0x080004c8                __aeabi_dmul
                0x080004c8                __muldf3
                0x0800071c                __divdf3
                0x0800071c                __aeabi_ddiv
 .text          0x080008ec       0xa0 C:/ST/STM32CubeIDE_1.14.1/STM32CubeIDE/plugins/com.st.stm32cube.ide.mcu.externaltools.gnu-tools-for-stm32.13.3.rel1.win32_1.0.0.202411081344/tools/bin/../lib/gcc/arm-none-eabi/13.3.1/thumb/v7-m/nofp\libgcc.a(_arm_truncdfsf2.o)
                0x080008ec                __truncdfsf2
                0x080008ec                __aeabi_d2f
 .text          0x0800098c      0x21c C:/ST/STM32CubeIDE_1.14.1/STM32CubeIDE/plugins/com.st.stm32cube.ide.mcu.externaltools.gnu-tools-for-stm32.13.3.rel1.win32_1.0.0.202411081344/tools/bin/../lib/gcc/arm-none-eabi/13.3.1/thumb/v7-m/nofp\libgcc.a(_arm_addsubsf3.o)
                0x0800098c                __aeabi_frsub
                0x08000994                __subsf3
                0x08000994                __aeabi_fsub
                0x08000998                __aeabi_fadd
                0x08000998                __addsf3
                0x08000af8                __aeabi_ui2f
                0x08000af8                __floatunsisf
                0x08000b00                __aeabi_i2f
                0x08000b00                __floatsisf
                0x08000b1c                __aeabi_ul2f
                0x08000b1c                __floatundisf
                0x08000b2c                __aeabi_l2f
                0x08000b2c                __floatdisf
 *(.text*)
 .text.main     0x08000ba8       0x48 ./Core/Src/main.o
                0x08000ba8                main
 .text.SystemClock_Config
                0x08000bf0       0x8a ./Core/Src/main.o
                0x08000bf0                SystemClock_Config
 *fill*         0x08000c7a        0x2 
 .text.MX_I2C1_Init
                0x08000c7c       0x5c ./Core/Src/main.o
 .text.MX_SPI2_Init
                0x08000cd8       0x6c ./Core/Src/main.o
 .text.MX_GPIO_Init
                0x08000d44       0xdc ./Core/Src/main.o
 .text.Error_Handler
                0x08000e20        0xc ./Core/Src/main.o
                0x08000e20                Error_Handler
 .text.HAL_MspInit
                0x08000e2c       0x64 ./Core/Src/stm32f1xx_hal_msp.o
                0x08000e2c                HAL_MspInit
 .text.HAL_I2C_MspInit
                0x08000e90       0x7c ./Core/Src/stm32f1xx_hal_msp.o
                0x08000e90                HAL_I2C_MspInit
 .text.HAL_SPI_MspInit
                0x08000f0c       0x98 ./Core/Src/stm32f1xx_hal_msp.o
                0x08000f0c                HAL_SPI_MspInit
 .text.SDTimer_Handler
                0x08000fa4       0x44 ./Core/Src/stm32f1xx_it.o
                0x08000fa4                SDTimer_Handler
 .text.NMI_Handler
                0x08000fe8        0x8 ./Core/Src/stm32f1xx_it.o
                0x08000fe8                NMI_Handler
 .text.HardFault_Handler
                0x08000ff0        0x8 ./Core/Src/stm32f1xx_it.o
                0x08000ff0                HardFault_Handler
 .text.MemManage_Handler
                0x08000ff8        0x8 ./Core/Src/stm32f1xx_it.o
                0x08000ff8                MemManage_Handler
 .text.BusFault_Handler
                0x08001000        0x8 ./Core/Src/stm32f1xx_it.o
                0x08001000                BusFault_Handler
 .text.UsageFault_Handler
                0x08001008        0x8 ./Core/Src/stm32f1xx_it.o
                0x08001008                UsageFault_Handler
 .text.SVC_Handler
                0x08001010        0xc ./Core/Src/stm32f1xx_it.o
                0x08001010                SVC_Handler
 .text.DebugMon_Handler
                0x0800101c        0xc ./Core/Src/stm32f1xx_it.o
                0x0800101c                DebugMon_Handler
 .text.PendSV_Handler
                0x08001028        0xc ./Core/Src/stm32f1xx_it.o
                0x08001028                PendSV_Handler
 .text.SysTick_Handler
                0x08001034       0x34 ./Core/Src/stm32f1xx_it.o
                0x08001034                SysTick_Handler
 .text.SystemInit
                0x08001068        0xc ./Core/Src/system_stm32f1xx.o
                0x08001068                SystemInit
 .text.Reset_Handler
                0x08001074       0x48 ./Core/Startup/startup_stm32f103c8tx.o
                0x08001074                Reset_Handler
 .text.Default_Handler
                0x080010bc        0x2 ./Core/Startup/startup_stm32f103c8tx.o
                0x080010bc                RTC_Alarm_IRQHandler
                0x080010bc                EXTI2_IRQHandler
                0x080010bc                TIM1_CC_IRQHandler
                0x080010bc                PVD_IRQHandler
                0x080010bc                EXTI3_IRQHandler
                0x080010bc                EXTI0_IRQHandler
                0x080010bc                I2C2_EV_IRQHandler
                0x080010bc                ADC1_2_IRQHandler
                0x080010bc                SPI1_IRQHandler
                0x080010bc                TAMPER_IRQHandler
                0x080010bc                DMA1_Channel4_IRQHandler
                0x080010bc                USART3_IRQHandler
                0x080010bc                RTC_IRQHandler
                0x080010bc                DMA1_Channel7_IRQHandler
                0x080010bc                CAN1_RX1_IRQHandler
                0x080010bc                TIM4_IRQHandler
                0x080010bc                I2C1_EV_IRQHandler
                0x080010bc                DMA1_Channel6_IRQHandler
                0x080010bc                TIM3_IRQHandler
                0x080010bc                RCC_IRQHandler
                0x080010bc                TIM1_TRG_COM_IRQHandler
                0x080010bc                DMA1_Channel1_IRQHandler
                0x080010bc                Default_Handler
                0x080010bc                EXTI15_10_IRQHandler
                0x080010bc                EXTI9_5_IRQHandler
                0x080010bc                SPI2_IRQHandler
                0x080010bc                DMA1_Channel5_IRQHandler
                0x080010bc                EXTI4_IRQHandler
                0x080010bc                USB_LP_CAN1_RX0_IRQHandler
                0x080010bc                USB_HP_CAN1_TX_IRQHandler
                0x080010bc                DMA1_Channel3_IRQHandler
                0x080010bc                TIM1_UP_IRQHandler
                0x080010bc                WWDG_IRQHandler
                0x080010bc                TIM2_IRQHandler
                0x080010bc                TIM1_BRK_IRQHandler
                0x080010bc                EXTI1_IRQHandler
                0x080010bc                USART2_IRQHandler
                0x080010bc                I2C2_ER_IRQHandler
                0x080010bc                DMA1_Channel2_IRQHandler
                0x080010bc                CAN1_SCE_IRQHandler
                0x080010bc                FLASH_IRQHandler
                0x080010bc                USART1_IRQHandler
                0x080010bc                I2C1_ER_IRQHandler
                0x080010bc                USBWakeUp_IRQHandler
 *fill*         0x080010be        0x2 
 .text.SELECT   0x080010c0       0x20 ./Core/drivers/sd_card/fatfs_sd.o
 .text.DESELECT
                0x080010e0       0x20 ./Core/drivers/sd_card/fatfs_sd.o
 .text.SPI_TxByte
                0x08001100       0x34 ./Core/drivers/sd_card/fatfs_sd.o
 .text.SPI_TxBuffer
                0x08001134       0x34 ./Core/drivers/sd_card/fatfs_sd.o
 .text.SPI_RxByte
                0x08001168       0x38 ./Core/drivers/sd_card/fatfs_sd.o
 .text.SPI_RxBytePtr
                0x080011a0       0x1c ./Core/drivers/sd_card/fatfs_sd.o
 .text.SD_ReadyWait
                0x080011bc       0x34 ./Core/drivers/sd_card/fatfs_sd.o
 .text.SD_PowerOn
                0x080011f0       0x84 ./Core/drivers/sd_card/fatfs_sd.o
 .text.SD_PowerOff
                0x08001274       0x18 ./Core/drivers/sd_card/fatfs_sd.o
 .text.SD_CheckPower
                0x0800128c       0x14 ./Core/drivers/sd_card/fatfs_sd.o
 .text.SD_RxDataBlock
                0x080012a0       0x60 ./Core/drivers/sd_card/fatfs_sd.o
 .text.SD_TxDataBlock
                0x08001300       0x86 ./Core/drivers/sd_card/fatfs_sd.o
 .text.SD_SendCmd
                0x08001386       0xa8 ./Core/drivers/sd_card/fatfs_sd.o
 *fill*         0x0800142e        0x2 
 .text.SD_disk_initialize
                0x08001430      0x1d8 ./Core/drivers/sd_card/fatfs_sd.o
                0x08001430                SD_disk_initialize
 .text.SD_disk_status
                0x08001608       0x28 ./Core/drivers/sd_card/fatfs_sd.o
                0x08001608                SD_disk_status
 .text.SD_disk_read
                0x08001630       0xd4 ./Core/drivers/sd_card/fatfs_sd.o
                0x08001630                SD_disk_read
 .text.SD_disk_write
                0x08001704      0x108 ./Core/drivers/sd_card/fatfs_sd.o
                0x08001704                SD_disk_write
 .text.SD_disk_ioctl
                0x0800180c      0x254 ./Core/drivers/sd_card/fatfs_sd.o
                0x0800180c                SD_disk_ioctl
 .text.calculateCRC
                0x08001a60       0x4c ./Core/drivers/sht21/crc8.o
                0x08001a60                calculateCRC
 .text.sht21ConfigResolution
                0x08001aac       0xa0 ./Core/drivers/sht21/sht21_driver.o
 *fill*         0x08001b4c        0x4 
 .text.temperatureConversion
                0x08001b50       0x74 ./Core/drivers/sht21/sht21_driver.o
 .text.humidityConversion
                0x08001bc4       0x6c ./Core/drivers/sht21/sht21_driver.o
 .text.sht21ReadMeasurement
                0x08001c30       0xd0 ./Core/drivers/sht21/sht21_driver.o
 .text.sht21Init
                0x08001d00       0x20 ./Core/drivers/sht21/sht21_driver.o
                0x08001d00                sht21Init
 .text.sht21GetRelativeHumidity
                0x08001d20       0x1e ./Core/drivers/sht21/sht21_driver.o
                0x08001d20                sht21GetRelativeHumidity
 .text.sht21GetTemperature
                0x08001d3e       0x1e ./Core/drivers/sht21/sht21_driver.o
                0x08001d3e                sht21GetTemperature
 .text.HAL_Init
                0x08001d5c       0x2c ./Drivers/STM32F1xx_HAL_Driver/Src/stm32f1xx_hal.o
                0x08001d5c                HAL_Init
 .text.HAL_InitTick
                0x08001d88       0x60 ./Drivers/STM32F1xx_HAL_Driver/Src/stm32f1xx_hal.o
                0x08001d88                HAL_InitTick
 .text.HAL_IncTick
                0x08001de8       0x24 ./Drivers/STM32F1xx_HAL_Driver/Src/stm32f1xx_hal.o
                0x08001de8                HAL_IncTick
 .text.HAL_GetTick
                0x08001e0c       0x14 ./Drivers/STM32F1xx_HAL_Driver/Src/stm32f1xx_hal.o
                0x08001e0c                HAL_GetTick
 .text.HAL_Delay
                0x08001e20       0x48 ./Drivers/STM32F1xx_HAL_Driver/Src/stm32f1xx_hal.o
                0x08001e20                HAL_Delay
 .text.__NVIC_SetPriorityGrouping
                0x08001e68       0x48 ./Drivers/STM32F1xx_HAL_Driver/Src/stm32f1xx_hal_cortex.o
 .text.__NVIC_GetPriorityGrouping
                0x08001eb0       0x1c ./Drivers/STM32F1xx_HAL_Driver/Src/stm32f1xx_hal_cortex.o
 .text.__NVIC_SetPriority
                0x08001ecc       0x54 ./Drivers/STM32F1xx_HAL_Driver/Src/stm32f1xx_hal_cortex.o
 .text.NVIC_EncodePriority
                0x08001f20       0x64 ./Drivers/STM32F1xx_HAL_Driver/Src/stm32f1xx_hal_cortex.o
 .text.SysTick_Config
                0x08001f84       0x44 ./Drivers/STM32F1xx_HAL_Driver/Src/stm32f1xx_hal_cortex.o
 .text.HAL_NVIC_SetPriorityGrouping
                0x08001fc8       0x16 ./Drivers/STM32F1xx_HAL_Driver/Src/stm32f1xx_hal_cortex.o
                0x08001fc8                HAL_NVIC_SetPriorityGrouping
 .text.HAL_NVIC_SetPriority
                0x08001fde       0x38 ./Drivers/STM32F1xx_HAL_Driver/Src/stm32f1xx_hal_cortex.o
                0x08001fde                HAL_NVIC_SetPriority
 .text.HAL_SYSTICK_Config
                0x08002016       0x18 ./Drivers/STM32F1xx_HAL_Driver/Src/stm32f1xx_hal_cortex.o
                0x08002016                HAL_SYSTICK_Config
 *fill*         0x0800202e        0x2 
 .text.HAL_GPIO_Init
                0x08002030      0x308 ./Drivers/STM32F1xx_HAL_Driver/Src/stm32f1xx_hal_gpio.o
                0x08002030                HAL_GPIO_Init
 .text.HAL_GPIO_WritePin
                0x08002338       0x30 ./Drivers/STM32F1xx_HAL_Driver/Src/stm32f1xx_hal_gpio.o
                0x08002338                HAL_GPIO_WritePin
 .text.HAL_I2C_Init
                0x08002368      0x288 ./Drivers/STM32F1xx_HAL_Driver/Src/stm32f1xx_hal_i2c.o
                0x08002368                HAL_I2C_Init
 .text.HAL_I2C_Master_Transmit
                0x080025f0      0x1fc ./Drivers/STM32F1xx_HAL_Driver/Src/stm32f1xx_hal_i2c.o
                0x080025f0                HAL_I2C_Master_Transmit
 .text.HAL_I2C_Master_Receive
                0x080027ec      0x4d8 ./Drivers/STM32F1xx_HAL_Driver/Src/stm32f1xx_hal_i2c.o
                0x080027ec                HAL_I2C_Master_Receive
 .text.I2C_MasterRequestWrite
                0x08002cc4      0x104 ./Drivers/STM32F1xx_HAL_Driver/Src/stm32f1xx_hal_i2c.o
 .text.I2C_MasterRequestRead
                0x08002dc8      0x19c ./Drivers/STM32F1xx_HAL_Driver/Src/stm32f1xx_hal_i2c.o
 .text.I2C_WaitOnFlagUntilTimeout
                0x08002f64       0xf4 ./Drivers/STM32F1xx_HAL_Driver/Src/stm32f1xx_hal_i2c.o
 .text.I2C_WaitOnMasterAddressFlagUntilTimeout
                0x08003058      0x140 ./Drivers/STM32F1xx_HAL_Driver/Src/stm32f1xx_hal_i2c.o
 .text.I2C_WaitOnTXEFlagUntilTimeout
                0x08003198       0x90 ./Drivers/STM32F1xx_HAL_Driver/Src/stm32f1xx_hal_i2c.o
 .text.I2C_WaitOnBTFFlagUntilTimeout
                0x08003228       0x90 ./Drivers/STM32F1xx_HAL_Driver/Src/stm32f1xx_hal_i2c.o
 .text.I2C_WaitOnRXNEFlagUntilTimeout
                0x080032b8       0xba ./Drivers/STM32F1xx_HAL_Driver/Src/stm32f1xx_hal_i2c.o
 .text.I2C_IsAcknowledgeFailed
                0x08003372       0x5c ./Drivers/STM32F1xx_HAL_Driver/Src/stm32f1xx_hal_i2c.o
 *fill*         0x080033ce        0x2 
 .text.HAL_RCC_OscConfig
                0x080033d0      0x504 ./Drivers/STM32F1xx_HAL_Driver/Src/stm32f1xx_hal_rcc.o
                0x080033d0                HAL_RCC_OscConfig
 .text.HAL_RCC_ClockConfig
                0x080038d4      0x1d4 ./Drivers/STM32F1xx_HAL_Driver/Src/stm32f1xx_hal_rcc.o
                0x080038d4                HAL_RCC_ClockConfig
 .text.HAL_RCC_GetSysClockFreq
                0x08003aa8       0xa8 ./Drivers/STM32F1xx_HAL_Driver/Src/stm32f1xx_hal_rcc.o
                0x08003aa8                HAL_RCC_GetSysClockFreq
 .text.HAL_RCC_GetHCLKFreq
                0x08003b50       0x14 ./Drivers/STM32F1xx_HAL_Driver/Src/stm32f1xx_hal_rcc.o
                0x08003b50                HAL_RCC_GetHCLKFreq
 .text.HAL_RCC_GetPCLK1Freq
                0x08003b64       0x28 ./Drivers/STM32F1xx_HAL_Driver/Src/stm32f1xx_hal_rcc.o
                0x08003b64                HAL_RCC_GetPCLK1Freq
 .text.RCC_Delay
                0x08003b8c       0x3c ./Drivers/STM32F1xx_HAL_Driver/Src/stm32f1xx_hal_rcc.o
 .text.HAL_SPI_Init
                0x08003bc8      0x108 ./Drivers/STM32F1xx_HAL_Driver/Src/stm32f1xx_hal_spi.o
                0x08003bc8                HAL_SPI_Init
 .text.HAL_SPI_Transmit
                0x08003cd0      0x288 ./Drivers/STM32F1xx_HAL_Driver/Src/stm32f1xx_hal_spi.o
                0x08003cd0                HAL_SPI_Transmit
 .text.HAL_SPI_TransmitReceive
                0x08003f58      0x352 ./Drivers/STM32F1xx_HAL_Driver/Src/stm32f1xx_hal_spi.o
                0x08003f58                HAL_SPI_TransmitReceive
 *fill*         0x080042aa        0x2 
 .text.SPI_WaitFlagStateUntilTimeout
                0x080042ac      0x110 ./Drivers/STM32F1xx_HAL_Driver/Src/stm32f1xx_hal_spi.o
 .text.SPI_EndRxTxTransaction
                0x080043bc       0x62 ./Drivers/STM32F1xx_HAL_Driver/Src/stm32f1xx_hal_spi.o
 *fill*         0x0800441e        0x2 
 .text.MX_FATFS_Init
                0x08004420       0x24 ./FATFS/App/fatfs.o
                0x08004420                MX_FATFS_Init
 .text.USER_initialize
                0x08004444       0x1c ./FATFS/Target/user_diskio.o
                0x08004444                USER_initialize
 .text.USER_status
                0x08004460       0x1c ./FATFS/Target/user_diskio.o
                0x08004460                USER_status
 .text.USER_read
                0x0800447c       0x26 ./FATFS/Target/user_diskio.o
                0x0800447c                USER_read
 .text.USER_write
                0x080044a2       0x26 ./FATFS/Target/user_diskio.o
                0x080044a2                USER_write
 .text.USER_ioctl
                0x080044c8       0x26 ./FATFS/Target/user_diskio.o
                0x080044c8                USER_ioctl
 *fill*         0x080044ee        0x2 
 .text.FATFS_LinkDriverEx
                0x080044f0       0x94 ./Middlewares/Third_Party/FatFs/src/ff_gen_drv.o
                0x080044f0                FATFS_LinkDriverEx
 .text.FATFS_LinkDriver
                0x08004584       0x1e ./Middlewares/Third_Party/FatFs/src/ff_gen_drv.o
                0x08004584                FATFS_LinkDriver
 .text.memset   0x080045a2       0x10 C:/ST/STM32CubeIDE_1.14.1/STM32CubeIDE/plugins/com.st.stm32cube.ide.mcu.externaltools.gnu-tools-for-stm32.13.3.rel1.win32_1.0.0.202411081344/tools/bin/../lib/gcc/arm-none-eabi/13.3.1/../../../../arm-none-eabi/lib/thumb/v7-m/nofp\libc_nano.a(libc_a-memset.o)
                0x080045a2                memset
 *fill*         0x080045b2        0x2 
 .text.__libc_init_array
                0x080045b4       0x48 C:/ST/STM32CubeIDE_1.14.1/STM32CubeIDE/plugins/com.st.stm32cube.ide.mcu.externaltools.gnu-tools-for-stm32.13.3.rel1.win32_1.0.0.202411081344/tools/bin/../lib/gcc/arm-none-eabi/13.3.1/../../../../arm-none-eabi/lib/thumb/v7-m/nofp\libc_nano.a(libc_a-init.o)
                0x080045b4                __libc_init_array
 *(.glue_7)
 .glue_7        0x080045fc        0x0 linker stubs
 *(.glue_7t)
 .glue_7t       0x080045fc        0x0 linker stubs
 *(.eh_frame)
 .eh_frame      0x080045fc        0x0 C:/ST/STM32CubeIDE_1.14.1/STM32CubeIDE/plugins/com.st.stm32cube.ide.mcu.externaltools.gnu-tools-for-stm32.13.3.rel1.win32_1.0.0.202411081344/tools/bin/../lib/gcc/arm-none-eabi/13.3.1/thumb/v7-m/nofp/crtbegin.o
 *(.init)
 .init          0x080045fc        0x4 C:/ST/STM32CubeIDE_1.14.1/STM32CubeIDE/plugins/com.st.stm32cube.ide.mcu.externaltools.gnu-tools-for-stm32.13.3.rel1.win32_1.0.0.202411081344/tools/bin/../lib/gcc/arm-none-eabi/13.3.1/thumb/v7-m/nofp/crti.o
                0x080045fc                _init
 .init          0x08004600        0x8 C:/ST/STM32CubeIDE_1.14.1/STM32CubeIDE/plugins/com.st.stm32cube.ide.mcu.externaltools.gnu-tools-for-stm32.13.3.rel1.win32_1.0.0.202411081344/tools/bin/../lib/gcc/arm-none-eabi/13.3.1/thumb/v7-m/nofp/crtn.o
 *(.fini)
 .fini          0x08004608        0x4 C:/ST/STM32CubeIDE_1.14.1/STM32CubeIDE/plugins/com.st.stm32cube.ide.mcu.externaltools.gnu-tools-for-stm32.13.3.rel1.win32_1.0.0.202411081344/tools/bin/../lib/gcc/arm-none-eabi/13.3.1/thumb/v7-m/nofp/crti.o
                0x08004608                _fini
 .fini          0x0800460c        0x8 C:/ST/STM32CubeIDE_1.14.1/STM32CubeIDE/plugins/com.st.stm32cube.ide.mcu.externaltools.gnu-tools-for-stm32.13.3.rel1.win32_1.0.0.202411081344/tools/bin/../lib/gcc/arm-none-eabi/13.3.1/thumb/v7-m/nofp/crtn.o
                0x08004614                        . = ALIGN (0x4)
                0x08004614                        _etext = .

.vfp11_veneer   0x08004614        0x0
 .vfp11_veneer  0x08004614        0x0 linker stubs

.v4_bx          0x08004614        0x0
 .v4_bx         0x08004614        0x0 linker stubs

.iplt           0x08004614        0x0
 .iplt          0x08004614        0x0 C:/ST/STM32CubeIDE_1.14.1/STM32CubeIDE/plugins/com.st.stm32cube.ide.mcu.externaltools.gnu-tools-for-stm32.13.3.rel1.win32_1.0.0.202411081344/tools/bin/../lib/gcc/arm-none-eabi/13.3.1/thumb/v7-m/nofp/crtbegin.o

.rodata         0x08004614      0x12c
                0x08004614                        . = ALIGN (0x4)
 *(.rodata)
 *(.rodata*)
 .rodata.AHBPrescTable
                0x08004614       0x10 ./Core/Src/system_stm32f1xx.o
                0x08004614                AHBPrescTable
 .rodata.APBPrescTable
                0x08004624        0x8 ./Core/Src/system_stm32f1xx.o
                0x08004624                APBPrescTable
 .rodata.crc8Table
                0x0800462c      0x100 ./Core/drivers/sht21/crc8.o
                0x0800462c                crc8Table
 .rodata.aPLLMULFactorTable.1
                0x0800472c       0x10 ./Drivers/STM32F1xx_HAL_Driver/Src/stm32f1xx_hal_rcc.o
 .rodata.aPredivFactorTable.0
                0x0800473c        0x2 ./Drivers/STM32F1xx_HAL_Driver/Src/stm32f1xx_hal_rcc.o
                0x08004740                        . = ALIGN (0x4)
 *fill*         0x0800473e        0x2 

.ARM.extab      0x08004740        0x0
                0x08004740                        . = ALIGN (0x4)
 *(.ARM.extab* .gnu.linkonce.armextab.*)
                0x08004740                        . = ALIGN (0x4)

.ARM            0x08004740        0x0
                0x08004740                        . = ALIGN (0x4)
                0x08004740                        __exidx_start = .
 *(.ARM.exidx*)
                0x08004740                        __exidx_end = .
                0x08004740                        . = ALIGN (0x4)

.preinit_array  0x08004740        0x0
                0x08004740                        . = ALIGN (0x4)
                0x08004740                        PROVIDE (__preinit_array_start = .)
 *(.preinit_array*)
                0x08004740                        PROVIDE (__preinit_array_end = .)
                0x08004740                        . = ALIGN (0x4)

.init_array     0x08004740        0x4
                0x08004740                        . = ALIGN (0x4)
                0x08004740                        PROVIDE (__init_array_start = .)
 *(SORT_BY_NAME(.init_array.*))
 *(.init_array*)
 .init_array    0x08004740        0x4 C:/ST/STM32CubeIDE_1.14.1/STM32CubeIDE/plugins/com.st.stm32cube.ide.mcu.externaltools.gnu-tools-for-stm32.13.3.rel1.win32_1.0.0.202411081344/tools/bin/../lib/gcc/arm-none-eabi/13.3.1/thumb/v7-m/nofp/crtbegin.o
                0x08004744                        PROVIDE (__init_array_end = .)
                0x08004744                        . = ALIGN (0x4)

.fini_array     0x08004744        0x4
                0x08004744                        . = ALIGN (0x4)
                [!provide]                        PROVIDE (__fini_array_start = .)
 *(SORT_BY_NAME(.fini_array.*))
 *(.fini_array*)
 .fini_array    0x08004744        0x4 C:/ST/STM32CubeIDE_1.14.1/STM32CubeIDE/plugins/com.st.stm32cube.ide.mcu.externaltools.gnu-tools-for-stm32.13.3.rel1.win32_1.0.0.202411081344/tools/bin/../lib/gcc/arm-none-eabi/13.3.1/thumb/v7-m/nofp/crtbegin.o
                [!provide]                        PROVIDE (__fini_array_end = .)
                0x08004748                        . = ALIGN (0x4)
                0x08004748                        _sidata = LOADADDR (.data)

.rel.dyn        0x08004748        0x0
 .rel.iplt      0x08004748        0x0 C:/ST/STM32CubeIDE_1.14.1/STM32CubeIDE/plugins/com.st.stm32cube.ide.mcu.externaltools.gnu-tools-for-stm32.13.3.rel1.win32_1.0.0.202411081344/tools/bin/../lib/gcc/arm-none-eabi/13.3.1/thumb/v7-m/nofp/crtbegin.o

.data           0x20000000       0x24 load address 0x08004748
                0x20000000                        . = ALIGN (0x4)
                0x20000000                        _sdata = .
 *(.data)
 *(.data*)
 .data.SystemCoreClock
                0x20000000        0x4 ./Core/Src/system_stm32f1xx.o
                0x20000000                SystemCoreClock
 .data.Stat     0x20000004        0x1 ./Core/drivers/sd_card/fatfs_sd.o
 *fill*         0x20000005        0x3 
 .data.uwTickPrio
                0x20000008        0x4 ./Drivers/STM32F1xx_HAL_Driver/Src/stm32f1xx_hal.o
                0x20000008                uwTickPrio
 .data.uwTickFreq
                0x2000000c        0x1 ./Drivers/STM32F1xx_HAL_Driver/Src/stm32f1xx_hal.o
                0x2000000c                uwTickFreq
 *fill*         0x2000000d        0x3 
 .data.USER_Driver
                0x20000010       0x14 ./FATFS/Target/user_diskio.o
                0x20000010                USER_Driver
 *(.RamFunc)
 *(.RamFunc*)
                0x20000024                        . = ALIGN (0x4)
                0x20000024                        _edata = .

.igot.plt       0x20000024        0x0 load address 0x0800476c
 .igot.plt      0x20000024        0x0 C:/ST/STM32CubeIDE_1.14.1/STM32CubeIDE/plugins/com.st.stm32cube.ide.mcu.externaltools.gnu-tools-for-stm32.13.3.rel1.win32_1.0.0.202411081344/tools/bin/../lib/gcc/arm-none-eabi/13.3.1/thumb/v7-m/nofp/crtbegin.o
                0x20000024                        . = ALIGN (0x4)

.bss            0x20000024       0xe8 load address 0x0800476c
                0x20000024                        _sbss = .
                0x20000024                        __bss_start__ = _sbss
 *(.bss)
 .bss           0x20000024       0x1c C:/ST/STM32CubeIDE_1.14.1/STM32CubeIDE/plugins/com.st.stm32cube.ide.mcu.externaltools.gnu-tools-for-stm32.13.3.rel1.win32_1.0.0.202411081344/tools/bin/../lib/gcc/arm-none-eabi/13.3.1/thumb/v7-m/nofp/crtbegin.o
 *(.bss*)
 .bss.hi2c1     0x20000040       0x54 ./Core/Src/main.o
                0x20000040                hi2c1
 .bss.hspi2     0x20000094       0x58 ./Core/Src/main.o
                0x20000094                hspi2
 .bss.FatFsCnt  0x200000ec        0x1 ./Core/Src/stm32f1xx_it.o
                0x200000ec                FatFsCnt
 .bss.Timer1    0x200000ed        0x1 ./Core/Src/stm32f1xx_it.o
                0x200000ed                Timer1
 .bss.Timer2    0x200000ee        0x1 ./Core/Src/stm32f1xx_it.o
                0x200000ee                Timer2
 .bss.CardType  0x200000ef        0x1 ./Core/drivers/sd_card/fatfs_sd.o
 .bss.PowerFlag
                0x200000f0        0x1 ./Core/drivers/sd_card/fatfs_sd.o
 *fill*         0x200000f1        0x3 
 .bss.uwTick    0x200000f4        0x4 ./Drivers/STM32F1xx_HAL_Driver/Src/stm32f1xx_hal.o
                0x200000f4                uwTick
 .bss.retUSER   0x200000f8        0x1 ./FATFS/App/fatfs.o
                0x200000f8                retUSER
 *fill*         0x200000f9        0x3 
 .bss.USERPath  0x200000fc        0x4 ./FATFS/App/fatfs.o
                0x200000fc                USERPath
 .bss.disk      0x20000100        0xc ./Middlewares/Third_Party/FatFs/src/ff_gen_drv.o
                0x20000100                disk
 *(COMMON)
                0x2000010c                        . = ALIGN (0x4)
                0x2000010c                        _ebss = .
                0x2000010c                        __bss_end__ = _ebss

._user_heap_stack
                0x2000010c      0x604 load address 0x0800476c
                0x20000110                        . = ALIGN (0x8)
 *fill*         0x2000010c        0x4 
                [!provide]                        PROVIDE (end = .)
                0x20000110                        PROVIDE (_end = .)
                0x20000310                        . = (. + _Min_Heap_Size)
 *fill*         0x20000110      0x200 
                0x20000710                        . = (. + _Min_Stack_Size)
 *fill*         0x20000310      0x400 
                0x20000710                        . = ALIGN (0x8)

/DISCARD/
 libc.a(*)
 libm.a(*)
 libgcc.a(*)

.ARM.attributes
                0x00000000       0x29
 *(.ARM.attributes)
 .ARM.attributes
                0x00000000       0x1d C:/ST/STM32CubeIDE_1.14.1/STM32CubeIDE/plugins/com.st.stm32cube.ide.mcu.externaltools.gnu-tools-for-stm32.13.3.rel1.win32_1.0.0.202411081344/tools/bin/../lib/gcc/arm-none-eabi/13.3.1/thumb/v7-m/nofp/crti.o
 .ARM.attributes
                0x0000001d       0x2d C:/ST/STM32CubeIDE_1.14.1/STM32CubeIDE/plugins/com.st.stm32cube.ide.mcu.externaltools.gnu-tools-for-stm32.13.3.rel1.win32_1.0.0.202411081344/tools/bin/../lib/gcc/arm-none-eabi/13.3.1/thumb/v7-m/nofp/crtbegin.o
 .ARM.attributes
                0x0000004a       0x2d ./Core/Src/main.o
 .ARM.attributes
                0x00000077       0x2d ./Core/Src/stm32f1xx_hal_msp.o
 .ARM.attributes
                0x000000a4       0x2d ./Core/Src/stm32f1xx_it.o
 .ARM.attributes
                0x000000d1       0x2d ./Core/Src/system_stm32f1xx.o
 .ARM.attributes
                0x000000fe       0x21 ./Core/Startup/startup_stm32f103c8tx.o
 .ARM.attributes
                0x0000011f       0x2d ./Core/drivers/sd_card/fatfs_sd.o
 .ARM.attributes
                0x0000014c       0x2d ./Core/drivers/sht21/crc8.o
 .ARM.attributes
                0x00000179       0x2d ./Core/drivers/sht21/sht21_driver.o
 .ARM.attributes
                0x000001a6       0x2d ./Drivers/STM32F1xx_HAL_Driver/Src/stm32f1xx_hal.o
 .ARM.attributes
                0x000001d3       0x2d ./Drivers/STM32F1xx_HAL_Driver/Src/stm32f1xx_hal_cortex.o
 .ARM.attributes
                0x00000200       0x2d ./Drivers/STM32F1xx_HAL_Driver/Src/stm32f1xx_hal_gpio.o
 .ARM.attributes
                0x0000022d       0x2d ./Drivers/STM32F1xx_HAL_Driver/Src/stm32f1xx_hal_i2c.o
 .ARM.attributes
                0x0000025a       0x2d ./Drivers/STM32F1xx_HAL_Driver/Src/stm32f1xx_hal_rcc.o
 .ARM.attributes
                0x00000287       0x2d ./Drivers/STM32F1xx_HAL_Driver/Src/stm32f1xx_hal_spi.o
 .ARM.attributes
                0x000002b4       0x2d ./FATFS/App/fatfs.o
 .ARM.attributes
                0x000002e1       0x2d ./FATFS/Target/user_diskio.o
 .ARM.attributes
                0x0000030e       0x2d ./Middlewares/Third_Party/FatFs/src/ff_gen_drv.o
 .ARM.attributes
                0x0000033b       0x2d C:/ST/STM32CubeIDE_1.14.1/STM32CubeIDE/plugins/com.st.stm32cube.ide.mcu.externaltools.gnu-tools-for-stm32.13.3.rel1.win32_1.0.0.202411081344/tools/bin/../lib/gcc/arm-none-eabi/13.3.1/../../../../arm-none-eabi/lib/thumb/v7-m/nofp\libc_nano.a(libc_a-memset.o)
 .ARM.attributes
                0x00000368       0x2d C:/ST/STM32CubeIDE_1.14.1/STM32CubeIDE/plugins/com.st.stm32cube.ide.mcu.externaltools.gnu-tools-for-stm32.13.3.rel1.win32_1.0.0.202411081344/tools/bin/../lib/gcc/arm-none-eabi/13.3.1/../../../../arm-none-eabi/lib/thumb/v7-m/nofp\libc_nano.a(libc_a-init.o)
 .ARM.attributes
                0x00000395       0x1d C:/ST/STM32CubeIDE_1.14.1/STM32CubeIDE/plugins/com.st.stm32cube.ide.mcu.externaltools.gnu-tools-for-stm32.13.3.rel1.win32_1.0.0.202411081344/tools/bin/../lib/gcc/arm-none-eabi/13.3.1/thumb/v7-m/nofp\libgcc.a(_arm_addsubdf3.o)
 .ARM.attributes
                0x000003b2       0x1d C:/ST/STM32CubeIDE_1.14.1/STM32CubeIDE/plugins/com.st.stm32cube.ide.mcu.externaltools.gnu-tools-for-stm32.13.3.rel1.win32_1.0.0.202411081344/tools/bin/../lib/gcc/arm-none-eabi/13.3.1/thumb/v7-m/nofp\libgcc.a(_arm_muldivdf3.o)
 .ARM.attributes
                0x000003cf       0x1d C:/ST/STM32CubeIDE_1.14.1/STM32CubeIDE/plugins/com.st.stm32cube.ide.mcu.externaltools.gnu-tools-for-stm32.13.3.rel1.win32_1.0.0.202411081344/tools/bin/../lib/gcc/arm-none-eabi/13.3.1/thumb/v7-m/nofp\libgcc.a(_arm_truncdfsf2.o)
 .ARM.attributes
                0x000003ec       0x1d C:/ST/STM32CubeIDE_1.14.1/STM32CubeIDE/plugins/com.st.stm32cube.ide.mcu.externaltools.gnu-tools-for-stm32.13.3.rel1.win32_1.0.0.202411081344/tools/bin/../lib/gcc/arm-none-eabi/13.3.1/thumb/v7-m/nofp\libgcc.a(_arm_addsubsf3.o)
 .ARM.attributes
                0x00000409       0x1d C:/ST/STM32CubeIDE_1.14.1/STM32CubeIDE/plugins/com.st.stm32cube.ide.mcu.externaltools.gnu-tools-for-stm32.13.3.rel1.win32_1.0.0.202411081344/tools/bin/../lib/gcc/arm-none-eabi/13.3.1/thumb/v7-m/nofp/crtn.o
OUTPUT(PFI_Dendro.elf elf32-littlearm)
LOAD linker stubs
LOAD C:/ST/STM32CubeIDE_1.14.1/STM32CubeIDE/plugins/com.st.stm32cube.ide.mcu.externaltools.gnu-tools-for-stm32.13.3.rel1.win32_1.0.0.202411081344/tools/bin/../lib/gcc/arm-none-eabi/13.3.1/../../../../arm-none-eabi/lib/thumb/v7-m/nofp\libc.a
LOAD C:/ST/STM32CubeIDE_1.14.1/STM32CubeIDE/plugins/com.st.stm32cube.ide.mcu.externaltools.gnu-tools-for-stm32.13.3.rel1.win32_1.0.0.202411081344/tools/bin/../lib/gcc/arm-none-eabi/13.3.1/../../../../arm-none-eabi/lib/thumb/v7-m/nofp\libm.a
LOAD C:/ST/STM32CubeIDE_1.14.1/STM32CubeIDE/plugins/com.st.stm32cube.ide.mcu.externaltools.gnu-tools-for-stm32.13.3.rel1.win32_1.0.0.202411081344/tools/bin/../lib/gcc/arm-none-eabi/13.3.1/thumb/v7-m/nofp\libgcc.a

.debug_info     0x00000000     0x9651
 .debug_info    0x00000000      0xd47 ./Core/Src/main.o
 .debug_info    0x00000d47      0xb36 ./Core/Src/stm32f1xx_hal_msp.o
 .debug_info    0x0000187d      0x173 ./Core/Src/stm32f1xx_it.o
 .debug_info    0x000019f0      0x222 ./Core/Src/system_stm32f1xx.o
 .debug_info    0x00001c12       0x30 ./Core/Startup/startup_stm32f103c8tx.o
 .debug_info    0x00001c42      0xba7 ./Core/drivers/sd_card/fatfs_sd.o
 .debug_info    0x000027e9      0x114 ./Core/drivers/sht21/crc8.o
 .debug_info    0x000028fd      0x8fc ./Core/drivers/sht21/sht21_driver.o
 .debug_info    0x000031f9      0x704 ./Drivers/STM32F1xx_HAL_Driver/Src/stm32f1xx_hal.o
 .debug_info    0x000038fd      0xa87 ./Drivers/STM32F1xx_HAL_Driver/Src/stm32f1xx_hal_cortex.o
 .debug_info    0x00004384      0x5ab ./Drivers/STM32F1xx_HAL_Driver/Src/stm32f1xx_hal_gpio.o
 .debug_info    0x0000492f     0x2524 ./Drivers/STM32F1xx_HAL_Driver/Src/stm32f1xx_hal_i2c.o
 .debug_info    0x00006e53      0x7d5 ./Drivers/STM32F1xx_HAL_Driver/Src/stm32f1xx_hal_rcc.o
 .debug_info    0x00007628     0x142d ./Drivers/STM32F1xx_HAL_Driver/Src/stm32f1xx_hal_spi.o
 .debug_info    0x00008a55      0x4dd ./FATFS/App/fatfs.o
 .debug_info    0x00008f32      0x3a5 ./FATFS/Target/user_diskio.o
 .debug_info    0x000092d7      0x37a ./Middlewares/Third_Party/FatFs/src/ff_gen_drv.o

.debug_abbrev   0x00000000     0x1efb
 .debug_abbrev  0x00000000      0x28e ./Core/Src/main.o
 .debug_abbrev  0x0000028e      0x1ac ./Core/Src/stm32f1xx_hal_msp.o
 .debug_abbrev  0x0000043a       0x9d ./Core/Src/stm32f1xx_it.o
 .debug_abbrev  0x000004d7      0x13f ./Core/Src/system_stm32f1xx.o
 .debug_abbrev  0x00000616       0x24 ./Core/Startup/startup_stm32f103c8tx.o
 .debug_abbrev  0x0000063a      0x2ee ./Core/drivers/sd_card/fatfs_sd.o
 .debug_abbrev  0x00000928       0xbb ./Core/drivers/sht21/crc8.o
 .debug_abbrev  0x000009e3      0x1fa ./Core/drivers/sht21/sht21_driver.o
 .debug_abbrev  0x00000bdd      0x201 ./Drivers/STM32F1xx_HAL_Driver/Src/stm32f1xx_hal.o
 .debug_abbrev  0x00000dde      0x2f8 ./Drivers/STM32F1xx_HAL_Driver/Src/stm32f1xx_hal_cortex.o
 .debug_abbrev  0x000010d6      0x1ca ./Drivers/STM32F1xx_HAL_Driver/Src/stm32f1xx_hal_gpio.o
 .debug_abbrev  0x000012a0      0x2a3 ./Drivers/STM32F1xx_HAL_Driver/Src/stm32f1xx_hal_i2c.o
 .debug_abbrev  0x00001543      0x2b3 ./Drivers/STM32F1xx_HAL_Driver/Src/stm32f1xx_hal_rcc.o
 .debug_abbrev  0x000017f6      0x27a ./Drivers/STM32F1xx_HAL_Driver/Src/stm32f1xx_hal_spi.o
 .debug_abbrev  0x00001a70      0x1a8 ./FATFS/App/fatfs.o
 .debug_abbrev  0x00001c18      0x144 ./FATFS/Target/user_diskio.o
 .debug_abbrev  0x00001d5c      0x19f ./Middlewares/Third_Party/FatFs/src/ff_gen_drv.o

.debug_aranges  0x00000000      0xa50
 .debug_aranges
                0x00000000       0x48 ./Core/Src/main.o
 .debug_aranges
                0x00000048       0x40 ./Core/Src/stm32f1xx_hal_msp.o
 .debug_aranges
                0x00000088       0x68 ./Core/Src/stm32f1xx_it.o
 .debug_aranges
                0x000000f0       0x28 ./Core/Src/system_stm32f1xx.o
 .debug_aranges
                0x00000118       0x28 ./Core/Startup/startup_stm32f103c8tx.o
 .debug_aranges
                0x00000140       0xa8 ./Core/drivers/sd_card/fatfs_sd.o
 .debug_aranges
                0x000001e8       0x20 ./Core/drivers/sht21/crc8.o
 .debug_aranges
                0x00000208       0x60 ./Core/drivers/sht21/sht21_driver.o
 .debug_aranges
                0x00000268       0xe0 ./Drivers/STM32F1xx_HAL_Driver/Src/stm32f1xx_hal.o
 .debug_aranges
                0x00000348      0x100 ./Drivers/STM32F1xx_HAL_Driver/Src/stm32f1xx_hal_cortex.o
 .debug_aranges
                0x00000448       0x58 ./Drivers/STM32F1xx_HAL_Driver/Src/stm32f1xx_hal_gpio.o
 .debug_aranges
                0x000004a0      0x2a8 ./Drivers/STM32F1xx_HAL_Driver/Src/stm32f1xx_hal_i2c.o
 .debug_aranges
                0x00000748       0x90 ./Drivers/STM32F1xx_HAL_Driver/Src/stm32f1xx_hal_rcc.o
 .debug_aranges
                0x000007d8      0x1d0 ./Drivers/STM32F1xx_HAL_Driver/Src/stm32f1xx_hal_spi.o
 .debug_aranges
                0x000009a8       0x28 ./FATFS/App/fatfs.o
 .debug_aranges
                0x000009d0       0x40 ./FATFS/Target/user_diskio.o
 .debug_aranges
                0x00000a10       0x40 ./Middlewares/Third_Party/FatFs/src/ff_gen_drv.o

.debug_rnglists
                0x00000000      0x7d6
 .debug_rnglists
                0x00000000       0x33 ./Core/Src/main.o
 .debug_rnglists
                0x00000033       0x2c ./Core/Src/stm32f1xx_hal_msp.o
 .debug_rnglists
                0x0000005f       0x49 ./Core/Src/stm32f1xx_it.o
 .debug_rnglists
                0x000000a8       0x1a ./Core/Src/system_stm32f1xx.o
 .debug_rnglists
                0x000000c2       0x19 ./Core/Startup/startup_stm32f103c8tx.o
 .debug_rnglists
                0x000000db       0x80 ./Core/drivers/sd_card/fatfs_sd.o
 .debug_rnglists
                0x0000015b       0x13 ./Core/drivers/sht21/crc8.o
 .debug_rnglists
                0x0000016e       0x45 ./Core/drivers/sht21/sht21_driver.o
 .debug_rnglists
                0x000001b3       0xa3 ./Drivers/STM32F1xx_HAL_Driver/Src/stm32f1xx_hal.o
 .debug_rnglists
                0x00000256       0xbb ./Drivers/STM32F1xx_HAL_Driver/Src/stm32f1xx_hal_cortex.o
 .debug_rnglists
                0x00000311       0x3f ./Drivers/STM32F1xx_HAL_Driver/Src/stm32f1xx_hal_gpio.o
 .debug_rnglists
                0x00000350      0x23c ./Drivers/STM32F1xx_HAL_Driver/Src/stm32f1xx_hal_i2c.o
 .debug_rnglists
                0x0000058c       0x6c ./Drivers/STM32F1xx_HAL_Driver/Src/stm32f1xx_hal_rcc.o
 .debug_rnglists
                0x000005f8      0x16e ./Drivers/STM32F1xx_HAL_Driver/Src/stm32f1xx_hal_spi.o
 .debug_rnglists
                0x00000766       0x19 ./FATFS/App/fatfs.o
 .debug_rnglists
                0x0000077f       0x2b ./FATFS/Target/user_diskio.o
 .debug_rnglists
                0x000007aa       0x2c ./Middlewares/Third_Party/FatFs/src/ff_gen_drv.o

.debug_macro    0x00000000    0x17261
 .debug_macro   0x00000000      0x208 ./Core/Src/main.o
 .debug_macro   0x00000208      0xacc ./Core/Src/main.o
 .debug_macro   0x00000cd4      0x21b ./Core/Src/main.o
 .debug_macro   0x00000eef       0x2e ./Core/Src/main.o
 .debug_macro   0x00000f1d       0x22 ./Core/Src/main.o
 .debug_macro   0x00000f3f       0x22 ./Core/Src/main.o
 .debug_macro   0x00000f61       0x8e ./Core/Src/main.o
 .debug_macro   0x00000fef       0x51 ./Core/Src/main.o
 .debug_macro   0x00001040      0x103 ./Core/Src/main.o
 .debug_macro   0x00001143       0x6a ./Core/Src/main.o
 .debug_macro   0x000011ad      0x1df ./Core/Src/main.o
 .debug_macro   0x0000138c       0x1c ./Core/Src/main.o
 .debug_macro   0x000013a8       0x22 ./Core/Src/main.o
 .debug_macro   0x000013ca       0xbd ./Core/Src/main.o
 .debug_macro   0x00001487      0xd23 ./Core/Src/main.o
 .debug_macro   0x000021aa     0xe09e ./Core/Src/main.o
 .debug_macro   0x00010248       0x6d ./Core/Src/main.o
 .debug_macro   0x000102b5     0x34a2 ./Core/Src/main.o
 .debug_macro   0x00013757      0x190 ./Core/Src/main.o
 .debug_macro   0x000138e7       0x5c ./Core/Src/main.o
 .debug_macro   0x00013943      0x5bc ./Core/Src/main.o
 .debug_macro   0x00013eff      0x289 ./Core/Src/main.o
 .debug_macro   0x00014188      0x1cb ./Core/Src/main.o
 .debug_macro   0x00014353      0x114 ./Core/Src/main.o
 .debug_macro   0x00014467      0x1b2 ./Core/Src/main.o
 .debug_macro   0x00014619       0x27 ./Core/Src/main.o
 .debug_macro   0x00014640      0x136 ./Core/Src/main.o
 .debug_macro   0x00014776      0x1bc ./Core/Src/main.o
 .debug_macro   0x00014932       0x34 ./Core/Src/main.o
 .debug_macro   0x00014966       0x3c ./Core/Src/main.o
 .debug_macro   0x000149a2       0x57 ./Core/Src/main.o
 .debug_macro   0x000149f9       0x87 ./Core/Src/main.o
 .debug_macro   0x00014a80      0x240 ./Core/Src/main.o
 .debug_macro   0x00014cc0      0x287 ./Core/Src/main.o
 .debug_macro   0x00014f47      0x140 ./Core/Src/main.o
 .debug_macro   0x00015087      0x217 ./Core/Src/main.o
 .debug_macro   0x0001529e       0x83 ./Core/Src/main.o
 .debug_macro   0x00015321       0x10 ./Core/Src/main.o
 .debug_macro   0x00015331       0xde ./Core/Src/main.o
 .debug_macro   0x0001540f       0xf5 ./Core/Src/main.o
 .debug_macro   0x00015504       0x8e ./Core/Src/main.o
 .debug_macro   0x00015592      0x1a7 ./Core/Src/stm32f1xx_hal_msp.o
 .debug_macro   0x00015739      0x1b1 ./Core/Src/stm32f1xx_it.o
 .debug_macro   0x000158ea      0x198 ./Core/Src/system_stm32f1xx.o
 .debug_macro   0x00015a82      0x1dd ./Core/drivers/sd_card/fatfs_sd.o
 .debug_macro   0x00015c5f       0x16 ./Core/drivers/sd_card/fatfs_sd.o
 .debug_macro   0x00015c75       0x7c ./Core/drivers/sd_card/fatfs_sd.o
 .debug_macro   0x00015cf1       0x88 ./Core/drivers/sd_card/fatfs_sd.o
 .debug_macro   0x00015d79       0x6d ./Core/drivers/sht21/crc8.o
 .debug_macro   0x00015de6      0x1fd ./Core/drivers/sht21/sht21_driver.o
 .debug_macro   0x00015fe3      0x1bc ./Drivers/STM32F1xx_HAL_Driver/Src/stm32f1xx_hal.o
 .debug_macro   0x0001619f      0x198 ./Drivers/STM32F1xx_HAL_Driver/Src/stm32f1xx_hal_cortex.o
 .debug_macro   0x00016337      0x203 ./Drivers/STM32F1xx_HAL_Driver/Src/stm32f1xx_hal_gpio.o
 .debug_macro   0x0001653a      0x1e6 ./Drivers/STM32F1xx_HAL_Driver/Src/stm32f1xx_hal_i2c.o
 .debug_macro   0x00016720      0x1aa ./Drivers/STM32F1xx_HAL_Driver/Src/stm32f1xx_hal_rcc.o
 .debug_macro   0x000168ca      0x1a0 ./Drivers/STM32F1xx_HAL_Driver/Src/stm32f1xx_hal_spi.o
 .debug_macro   0x00016a6a      0x1fa ./FATFS/App/fatfs.o
 .debug_macro   0x00016c64       0xd8 ./FATFS/App/fatfs.o
 .debug_macro   0x00016d3c      0x2b8 ./FATFS/Target/user_diskio.o
 .debug_macro   0x00016ff4       0x10 ./FATFS/Target/user_diskio.o
 .debug_macro   0x00017004       0x20 ./FATFS/Target/user_diskio.o
 .debug_macro   0x00017024       0x56 ./FATFS/Target/user_diskio.o
 .debug_macro   0x0001707a      0x1e7 ./Middlewares/Third_Party/FatFs/src/ff_gen_drv.o

.debug_line     0x00000000     0xd91d
 .debug_line    0x00000000      0x927 ./Core/Src/main.o
 .debug_line    0x00000927      0x77f ./Core/Src/stm32f1xx_hal_msp.o
 .debug_line    0x000010a6      0x7c5 ./Core/Src/stm32f1xx_it.o
 .debug_line    0x0000186b      0x760 ./Core/Src/system_stm32f1xx.o
 .debug_line    0x00001fcb       0x78 ./Core/Startup/startup_stm32f103c8tx.o
 .debug_line    0x00002043      0xe41 ./Core/drivers/sd_card/fatfs_sd.o
 .debug_line    0x00002e84      0x43d ./Core/drivers/sht21/crc8.o
 .debug_line    0x000032c1      0x893 ./Core/drivers/sht21/sht21_driver.o
 .debug_line    0x00003b54      0x991 ./Drivers/STM32F1xx_HAL_Driver/Src/stm32f1xx_hal.o
 .debug_line    0x000044e5      0xb5b ./Drivers/STM32F1xx_HAL_Driver/Src/stm32f1xx_hal_cortex.o
 .debug_line    0x00005040      0x9ee ./Drivers/STM32F1xx_HAL_Driver/Src/stm32f1xx_hal_gpio.o
 .debug_line    0x00005a2e     0x3b8e ./Drivers/STM32F1xx_HAL_Driver/Src/stm32f1xx_hal_i2c.o
 .debug_line    0x000095bc      0xe4a ./Drivers/STM32F1xx_HAL_Driver/Src/stm32f1xx_hal_rcc.o
 .debug_line    0x0000a406     0x1c28 ./Drivers/STM32F1xx_HAL_Driver/Src/stm32f1xx_hal_spi.o
 .debug_line    0x0000c02e      0x781 ./FATFS/App/fatfs.o
 .debug_line    0x0000c7af      0x963 ./FATFS/Target/user_diskio.o
 .debug_line    0x0000d112      0x80b ./Middlewares/Third_Party/FatFs/src/ff_gen_drv.o

.debug_str      0x00000000    0x843c3
 .debug_str     0x00000000    0x843c3 ./Core/Src/main.o
                              0x7ec53 (size before relaxing)
 .debug_str     0x000843c3    0x7e233 ./Core/Src/stm32f1xx_hal_msp.o
 .debug_str     0x000843c3    0x7db8e ./Core/Src/stm32f1xx_it.o
 .debug_str     0x000843c3    0x7db43 ./Core/Src/system_stm32f1xx.o
 .debug_str     0x000843c3       0x88 ./Core/Startup/startup_stm32f103c8tx.o
 .debug_str     0x000843c3    0x7e3d2 ./Core/drivers/sd_card/fatfs_sd.o
 .debug_str     0x000843c3     0x3da7 ./Core/drivers/sht21/crc8.o
 .debug_str     0x000843c3    0x7e36e ./Core/drivers/sht21/sht21_driver.o
 .debug_str     0x000843c3    0x7e276 ./Drivers/STM32F1xx_HAL_Driver/Src/stm32f1xx_hal.o
 .debug_str     0x000843c3    0x7e1c2 ./Drivers/STM32F1xx_HAL_Driver/Src/stm32f1xx_hal_cortex.o
 .debug_str     0x000843c3    0x7dec9 ./Drivers/STM32F1xx_HAL_Driver/Src/stm32f1xx_hal_gpio.o
 .debug_str     0x000843c3    0x7ec0a ./Drivers/STM32F1xx_HAL_Driver/Src/stm32f1xx_hal_i2c.o
 .debug_str     0x000843c3    0x7df72 ./Drivers/STM32F1xx_HAL_Driver/Src/stm32f1xx_hal_rcc.o
 .debug_str     0x000843c3    0x7e469 ./Drivers/STM32F1xx_HAL_Driver/Src/stm32f1xx_hal_spi.o
 .debug_str     0x000843c3    0x7e3fe ./FATFS/App/fatfs.o
 .debug_str     0x000843c3    0x8168d ./FATFS/Target/user_diskio.o
 .debug_str     0x000843c3    0x7e375 ./Middlewares/Third_Party/FatFs/src/ff_gen_drv.o

.comment        0x00000000       0x43
 .comment       0x00000000       0x43 ./Core/Src/main.o
                                 0x44 (size before relaxing)
 .comment       0x00000043       0x44 ./Core/Src/stm32f1xx_hal_msp.o
 .comment       0x00000043       0x44 ./Core/Src/stm32f1xx_it.o
 .comment       0x00000043       0x44 ./Core/Src/system_stm32f1xx.o
 .comment       0x00000043       0x44 ./Core/drivers/sd_card/fatfs_sd.o
 .comment       0x00000043       0x44 ./Core/drivers/sht21/crc8.o
 .comment       0x00000043       0x44 ./Core/drivers/sht21/sht21_driver.o
 .comment       0x00000043       0x44 ./Drivers/STM32F1xx_HAL_Driver/Src/stm32f1xx_hal.o
 .comment       0x00000043       0x44 ./Drivers/STM32F1xx_HAL_Driver/Src/stm32f1xx_hal_cortex.o
 .comment       0x00000043       0x44 ./Drivers/STM32F1xx_HAL_Driver/Src/stm32f1xx_hal_gpio.o
 .comment       0x00000043       0x44 ./Drivers/STM32F1xx_HAL_Driver/Src/stm32f1xx_hal_i2c.o
 .comment       0x00000043       0x44 ./Drivers/STM32F1xx_HAL_Driver/Src/stm32f1xx_hal_rcc.o
 .comment       0x00000043       0x44 ./Drivers/STM32F1xx_HAL_Driver/Src/stm32f1xx_hal_spi.o
 .comment       0x00000043       0x44 ./FATFS/App/fatfs.o
 .comment       0x00000043       0x44 ./FATFS/Target/user_diskio.o
 .comment       0x00000043       0x44 ./Middlewares/Third_Party/FatFs/src/ff_gen_drv.o

.debug_frame    0x00000000     0x2a24
 .debug_frame   0x00000000       0xc8 ./Core/Src/main.o
 .debug_frame   0x000000c8       0xc8 ./Core/Src/stm32f1xx_hal_msp.o
 .debug_frame   0x00000190      0x124 ./Core/Src/stm32f1xx_it.o
 .debug_frame   0x000002b4       0x58 ./Core/Src/system_stm32f1xx.o
 .debug_frame   0x0000030c      0x28c ./Core/drivers/sd_card/fatfs_sd.o
 .debug_frame   0x00000598       0x38 ./Core/drivers/sht21/crc8.o
 .debug_frame   0x000005d0      0x15c ./Core/drivers/sht21/sht21_driver.o
 .debug_frame   0x0000072c      0x334 ./Drivers/STM32F1xx_HAL_Driver/Src/stm32f1xx_hal.o
 .debug_frame   0x00000a60      0x428 ./Drivers/STM32F1xx_HAL_Driver/Src/stm32f1xx_hal_cortex.o
 .debug_frame   0x00000e88      0x14c ./Drivers/STM32F1xx_HAL_Driver/Src/stm32f1xx_hal_gpio.o
 .debug_frame   0x00000fd4      0xc84 ./Drivers/STM32F1xx_HAL_Driver/Src/stm32f1xx_hal_i2c.o
 .debug_frame   0x00001c58      0x218 ./Drivers/STM32F1xx_HAL_Driver/Src/stm32f1xx_hal_rcc.o
 .debug_frame   0x00001e70      0x824 ./Drivers/STM32F1xx_HAL_Driver/Src/stm32f1xx_hal_spi.o
 .debug_frame   0x00002694       0x4c ./FATFS/App/fatfs.o
 .debug_frame   0x000026e0       0xc4 ./FATFS/Target/user_diskio.o
 .debug_frame   0x000027a4       0xc8 ./Middlewares/Third_Party/FatFs/src/ff_gen_drv.o
 .debug_frame   0x0000286c       0x20 C:/ST/STM32CubeIDE_1.14.1/STM32CubeIDE/plugins/com.st.stm32cube.ide.mcu.externaltools.gnu-tools-for-stm32.13.3.rel1.win32_1.0.0.202411081344/tools/bin/../lib/gcc/arm-none-eabi/13.3.1/../../../../arm-none-eabi/lib/thumb/v7-m/nofp\libc_nano.a(libc_a-memset.o)
 .debug_frame   0x0000288c       0x2c C:/ST/STM32CubeIDE_1.14.1/STM32CubeIDE/plugins/com.st.stm32cube.ide.mcu.externaltools.gnu-tools-for-stm32.13.3.rel1.win32_1.0.0.202411081344/tools/bin/../lib/gcc/arm-none-eabi/13.3.1/../../../../arm-none-eabi/lib/thumb/v7-m/nofp\libc_nano.a(libc_a-init.o)
 .debug_frame   0x000028b8       0xac C:/ST/STM32CubeIDE_1.14.1/STM32CubeIDE/plugins/com.st.stm32cube.ide.mcu.externaltools.gnu-tools-for-stm32.13.3.rel1.win32_1.0.0.202411081344/tools/bin/../lib/gcc/arm-none-eabi/13.3.1/thumb/v7-m/nofp\libgcc.a(_arm_addsubdf3.o)
 .debug_frame   0x00002964       0x50 C:/ST/STM32CubeIDE_1.14.1/STM32CubeIDE/plugins/com.st.stm32cube.ide.mcu.externaltools.gnu-tools-for-stm32.13.3.rel1.win32_1.0.0.202411081344/tools/bin/../lib/gcc/arm-none-eabi/13.3.1/thumb/v7-m/nofp\libgcc.a(_arm_muldivdf3.o)
 .debug_frame   0x000029b4       0x24 C:/ST/STM32CubeIDE_1.14.1/STM32CubeIDE/plugins/com.st.stm32cube.ide.mcu.externaltools.gnu-tools-for-stm32.13.3.rel1.win32_1.0.0.202411081344/tools/bin/../lib/gcc/arm-none-eabi/13.3.1/thumb/v7-m/nofp\libgcc.a(_arm_truncdfsf2.o)
 .debug_frame   0x000029d8       0x4c C:/ST/STM32CubeIDE_1.14.1/STM32CubeIDE/plugins/com.st.stm32cube.ide.mcu.externaltools.gnu-tools-for-stm32.13.3.rel1.win32_1.0.0.202411081344/tools/bin/../lib/gcc/arm-none-eabi/13.3.1/thumb/v7-m/nofp\libgcc.a(_arm_addsubsf3.o)

.debug_line_str
                0x00000000       0x6c
 .debug_line_str
                0x00000000       0x6c ./Core/Startup/startup_stm32f103c8tx.o
