16:23:27 **** Incremental Build of configuration Debug for project PFI_Dendro ****
make -j4 all 
arm-none-eabi-gcc "../Core/drivers/rtc_driver.c" -mcpu=cortex-m3 -std=gnu11 -g3 -DDEBUG -DUSE_HAL_DRIVER -DSTM32F103xB -c -I../Core/Inc -I../Drivers/STM32F1xx_HAL_Driver/Inc/Legacy -I../Drivers/STM32F1xx_HAL_Driver/Inc -I../Drivers/CMSIS/Device/ST/STM32F1xx/Include -I../Drivers/CMSIS/Include -I"C:/Users/dramos/Documents/PFI_Dendrometro/firmware/PFI_Dendro/Core/drivers" -O0 -ffunction-sections -fdata-sections -Wall -fstack-usage -fcyclomatic-complexity -MMD -MP -MF"Core/drivers/rtc_driver.d" -MT"Core/drivers/rtc_driver.o" --specs=nano.specs -mfloat-abi=soft -mthumb -o "Core/drivers/rtc_driver.o"
arm-none-eabi-gcc -o "PFI_Dendro.elf" @"objects.list"   -mcpu=cortex-m3 -T"C:\Users\dramos\Documents\PFI_Dendrometro\firmware\PFI_Dendro\STM32F103C8TX_FLASH.ld" --specs=nosys.specs -Wl,-Map="PFI_Dendro.map" -Wl,--gc-sections -static --specs=nano.specs -mfloat-abi=soft -mthumb -Wl,--start-group -lc -lm -Wl,--end-group
Finished building target: PFI_Dendro.elf
 
arm-none-eabi-size  PFI_Dendro.elf 
arm-none-eabi-objdump -h -S PFI_Dendro.elf  > "PFI_Dendro.list"
   text	   data	    bss	    dec	    hex	filename
   5524	     12	   1652	   7188	   1c14	PFI_Dendro.elf
Finished building: default.size.stdout
 
Finished building: PFI_Dendro.list
 
17:32:52 **** Incremental Build of configuration Debug for project PFI_Dendro ****
make -j4 all 
arm-none-eabi-gcc "../Core/drivers/rtc_driver.c" -mcpu=cortex-m3 -std=gnu11 -g3 -DDEBUG -DUSE_HAL_DRIVER -DSTM32F103xB -c -I../Core/Inc -I../Drivers/STM32F1xx_HAL_Driver/Inc/Legacy -I../Drivers/STM32F1xx_HAL_Driver/Inc -I../Drivers/CMSIS/Device/ST/STM32F1xx/Include -I../Drivers/CMSIS/Include -I"C:/Users/dramos/Documents/PFI_Dendrometro/firmware/PFI_Dendro/Core/drivers" -O0 -ffunction-sections -fdata-sections -Wall -fstack-usage -fcyclomatic-complexity -MMD -MP -MF"Core/drivers/rtc_driver.d" -MT"Core/drivers/rtc_driver.o" --specs=nano.specs -mfloat-abi=soft -mthumb -o "Core/drivers/rtc_driver.o"
arm-none-eabi-gcc "../Core/Src/main.c" -mcpu=cortex-m3 -std=gnu11 -g3 -DDEBUG -DUSE_HAL_DRIVER -DSTM32F103xB -c -I../Core/Inc -I../Drivers/STM32F1xx_HAL_Driver/Inc/Legacy -I../Drivers/STM32F1xx_HAL_Driver/Inc -I../Drivers/CMSIS/Device/ST/STM32F1xx/Include -I../Drivers/CMSIS/Include -I"C:/Users/dramos/Documents/PFI_Dendrometro/firmware/PFI_Dendro/Core/drivers" -O0 -ffunction-sections -fdata-sections -Wall -fstack-usage -fcyclomatic-complexity -MMD -MP -MF"Core/Src/main.d" -MT"Core/Src/main.o" --specs=nano.specs -mfloat-abi=soft -mthumb -o "Core/Src/main.o"
../Core/drivers/rtc_driver.c: In function 'writeRTCRegisters':
../Core/drivers/rtc_driver.c:39:17: warning: variable 'registers' set but not used [-Wunused-but-set-variable]
   39 |         uint8_t registers[RTC_DATETIME_REGISTER_NUM];
      |                 ^~~~~~~~~
../Core/drivers/rtc_driver.c: In function 'readRTCRegisters':
../Core/drivers/rtc_driver.c:53:1: warning: no return statement in function returning non-void [-Wreturn-type]
   53 | }
      | ^
arm-none-eabi-gcc -o "PFI_Dendro.elf" @"objects.list"   -mcpu=cortex-m3 -T"C:\Users\dramos\Documents\PFI_Dendrometro\firmware\PFI_Dendro\STM32F103C8TX_FLASH.ld" --specs=nosys.specs -Wl,-Map="PFI_Dendro.map" -Wl,--gc-sections -static --specs=nano.specs -mfloat-abi=soft -mthumb -Wl,--start-group -lc -lm -Wl,--end-group
Finished building target: PFI_Dendro.elf
 
arm-none-eabi-size  PFI_Dendro.elf 
arm-none-eabi-objdump -h -S PFI_Dendro.elf  > "PFI_Dendro.list"
   text	   data	    bss	    dec	    hex	filename
   5860	     12	   1652	   7524	   1d64	PFI_Dendro.elf
Finished building: default.size.stdout
 
Finished building: PFI_Dendro.list
 
17:40:29 **** Incremental Build of configuration Debug for project PFI_Dendro ****
make -j4 all 
arm-none-eabi-gcc "../Core/drivers/rtc_driver.c" -mcpu=cortex-m3 -std=gnu11 -g3 -DDEBUG -DUSE_HAL_DRIVER -DSTM32F103xB -c -I../Core/Inc -I../Drivers/STM32F1xx_HAL_Driver/Inc/Legacy -I../Drivers/STM32F1xx_HAL_Driver/Inc -I../Drivers/CMSIS/Device/ST/STM32F1xx/Include -I../Drivers/CMSIS/Include -I"C:/Users/dramos/Documents/PFI_Dendrometro/firmware/PFI_Dendro/Core/drivers" -O0 -ffunction-sections -fdata-sections -Wall -fstack-usage -fcyclomatic-complexity -MMD -MP -MF"Core/drivers/rtc_driver.d" -MT"Core/drivers/rtc_driver.o" --specs=nano.specs -mfloat-abi=soft -mthumb -o "Core/drivers/rtc_driver.o"
arm-none-eabi-gcc "../Core/Src/main.c" -mcpu=cortex-m3 -std=gnu11 -g3 -DDEBUG -DUSE_HAL_DRIVER -DSTM32F103xB -c -I../Core/Inc -I../Drivers/STM32F1xx_HAL_Driver/Inc/Legacy -I../Drivers/STM32F1xx_HAL_Driver/Inc -I../Drivers/CMSIS/Device/ST/STM32F1xx/Include -I../Drivers/CMSIS/Include -I"C:/Users/dramos/Documents/PFI_Dendrometro/firmware/PFI_Dendro/Core/drivers" -O0 -ffunction-sections -fdata-sections -Wall -fstack-usage -fcyclomatic-complexity -MMD -MP -MF"Core/Src/main.d" -MT"Core/Src/main.o" --specs=nano.specs -mfloat-abi=soft -mthumb -o "Core/Src/main.o"
../Core/drivers/rtc_driver.c:9:19: error: 'RTC_DATETIME_REGISTER_NUM' undeclared here (not in a function)
    9 | uint8_t registers[RTC_DATETIME_REGISTER_NUM];
      |                   ^~~~~~~~~~~~~~~~~~~~~~~~~
make: *** [Core/drivers/subdir.mk:19: Core/drivers/rtc_driver.o] Error 1
make: *** Waiting for unfinished jobs....
"make -j4 all" terminated with exit code 2. Build might be incomplete.
17:40:50 **** Incremental Build of configuration Debug for project PFI_Dendro ****
make -j4 all 
arm-none-eabi-gcc "../Core/drivers/rtc_driver.c" -mcpu=cortex-m3 -std=gnu11 -g3 -DDEBUG -DUSE_HAL_DRIVER -DSTM32F103xB -c -I../Core/Inc -I../Drivers/STM32F1xx_HAL_Driver/Inc/Legacy -I../Drivers/STM32F1xx_HAL_Driver/Inc -I../Drivers/CMSIS/Device/ST/STM32F1xx/Include -I../Drivers/CMSIS/Include -I"C:/Users/dramos/Documents/PFI_Dendrometro/firmware/PFI_Dendro/Core/drivers" -O0 -ffunction-sections -fdata-sections -Wall -fstack-usage -fcyclomatic-complexity -MMD -MP -MF"Core/drivers/rtc_driver.d" -MT"Core/drivers/rtc_driver.o" --specs=nano.specs -mfloat-abi=soft -mthumb -o "Core/drivers/rtc_driver.o"
arm-none-eabi-gcc -o "PFI_Dendro.elf" @"objects.list"   -mcpu=cortex-m3 -T"C:\Users\dramos\Documents\PFI_Dendrometro\firmware\PFI_Dendro\STM32F103C8TX_FLASH.ld" --specs=nosys.specs -Wl,-Map="PFI_Dendro.map" -Wl,--gc-sections -static --specs=nano.specs -mfloat-abi=soft -mthumb -Wl,--start-group -lc -lm -Wl,--end-group
Finished building target: PFI_Dendro.elf
 
arm-none-eabi-size  PFI_Dendro.elf 
arm-none-eabi-objdump -h -S PFI_Dendro.elf  > "PFI_Dendro.list"
   text	   data	    bss	    dec	    hex	filename
   6180	     12	   1660	   7852	   1eac	PFI_Dendro.elf
Finished building: default.size.stdout
 
Finished building: PFI_Dendro.list
 
17:42:08 **** Incremental Build of configuration Debug for project PFI_Dendro ****
make -j4 all 
arm-none-eabi-size  PFI_Dendro.elf 
   text	   data	    bss	    dec	    hex	filename
   6180	     12	   1660	   7852	   1eac	PFI_Dendro.elf
Finished building: default.size.stdout
 
17:43:44 **** Incremental Build of configuration Debug for project PFI_Dendro ****
make -j4 all 
arm-none-eabi-gcc "../Core/Src/main.c" -mcpu=cortex-m3 -std=gnu11 -g3 -DDEBUG -DUSE_HAL_DRIVER -DSTM32F103xB -c -I../Core/Inc -I../Drivers/STM32F1xx_HAL_Driver/Inc/Legacy -I../Drivers/STM32F1xx_HAL_Driver/Inc -I../Drivers/CMSIS/Device/ST/STM32F1xx/Include -I../Drivers/CMSIS/Include -I"C:/Users/dramos/Documents/PFI_Dendrometro/firmware/PFI_Dendro/Core/drivers" -O0 -ffunction-sections -fdata-sections -Wall -fstack-usage -fcyclomatic-complexity -MMD -MP -MF"Core/Src/main.d" -MT"Core/Src/main.o" --specs=nano.specs -mfloat-abi=soft -mthumb -o "Core/Src/main.o"
arm-none-eabi-gcc -o "PFI_Dendro.elf" @"objects.list"   -mcpu=cortex-m3 -T"C:\Users\dramos\Documents\PFI_Dendrometro\firmware\PFI_Dendro\STM32F103C8TX_FLASH.ld" --specs=nosys.specs -Wl,-Map="PFI_Dendro.map" -Wl,--gc-sections -static --specs=nano.specs -mfloat-abi=soft -mthumb -Wl,--start-group -lc -lm -Wl,--end-group
Finished building target: PFI_Dendro.elf
 
arm-none-eabi-size  PFI_Dendro.elf 
arm-none-eabi-objdump -h -S PFI_Dendro.elf  > "PFI_Dendro.list"
   text	   data	    bss	    dec	    hex	filename
   6180	     12	   1660	   7852	   1eac	PFI_Dendro.elf
Finished building: default.size.stdout
 
Finished building: PFI_Dendro.list
 
17:47:40 **** Incremental Build of configuration Debug for project PFI_Dendro ****
make -j4 all 
arm-none-eabi-gcc "../Core/drivers/rtc_driver.c" -mcpu=cortex-m3 -std=gnu11 -g3 -DDEBUG -DUSE_HAL_DRIVER -DSTM32F103xB -c -I../Core/Inc -I../Drivers/STM32F1xx_HAL_Driver/Inc/Legacy -I../Drivers/STM32F1xx_HAL_Driver/Inc -I../Drivers/CMSIS/Device/ST/STM32F1xx/Include -I../Drivers/CMSIS/Include -I"C:/Users/dramos/Documents/PFI_Dendrometro/firmware/PFI_Dendro/Core/drivers" -O0 -ffunction-sections -fdata-sections -Wall -fstack-usage -fcyclomatic-complexity -MMD -MP -MF"Core/drivers/rtc_driver.d" -MT"Core/drivers/rtc_driver.o" --specs=nano.specs -mfloat-abi=soft -mthumb -o "Core/drivers/rtc_driver.o"
arm-none-eabi-gcc "../Core/Src/main.c" -mcpu=cortex-m3 -std=gnu11 -g3 -DDEBUG -DUSE_HAL_DRIVER -DSTM32F103xB -c -I../Core/Inc -I../Drivers/STM32F1xx_HAL_Driver/Inc/Legacy -I../Drivers/STM32F1xx_HAL_Driver/Inc -I../Drivers/CMSIS/Device/ST/STM32F1xx/Include -I../Drivers/CMSIS/Include -I"C:/Users/dramos/Documents/PFI_Dendrometro/firmware/PFI_Dendro/Core/drivers" -O0 -ffunction-sections -fdata-sections -Wall -fstack-usage -fcyclomatic-complexity -MMD -MP -MF"Core/Src/main.d" -MT"Core/Src/main.o" --specs=nano.specs -mfloat-abi=soft -mthumb -o "Core/Src/main.o"
../Core/Src/main.c: In function 'main':
../Core/Src/main.c:71:16: warning: unused variable 'dateTimeToSet' [-Wunused-variable]
   71 |   sDateAndTime dateTimeToSet = {.time = {.seconds = 10, .minutes = 15, .hours = 0xFF},
      |                ^~~~~~~~~~~~~
arm-none-eabi-gcc -o "PFI_Dendro.elf" @"objects.list"   -mcpu=cortex-m3 -T"C:\Users\dramos\Documents\PFI_Dendrometro\firmware\PFI_Dendro\STM32F103C8TX_FLASH.ld" --specs=nosys.specs -Wl,-Map="PFI_Dendro.map" -Wl,--gc-sections -static --specs=nano.specs -mfloat-abi=soft -mthumb -Wl,--start-group -lc -lm -Wl,--end-group
Finished building target: PFI_Dendro.elf
 
arm-none-eabi-size  PFI_Dendro.elf 
arm-none-eabi-objdump -h -S PFI_Dendro.elf  > "PFI_Dendro.list"
   text	   data	    bss	    dec	    hex	filename
   5880	     20	   1652	   7552	   1d80	PFI_Dendro.elf
Finished building: default.size.stdout
 
Finished building: PFI_Dendro.list
 
17:57:46 **** Incremental Build of configuration Debug for project PFI_Dendro ****
make -j4 all 
arm-none-eabi-gcc "../Core/drivers/rtc_driver.c" -mcpu=cortex-m3 -std=gnu11 -g3 -DDEBUG -DUSE_HAL_DRIVER -DSTM32F103xB -c -I../Core/Inc -I../Drivers/STM32F1xx_HAL_Driver/Inc/Legacy -I../Drivers/STM32F1xx_HAL_Driver/Inc -I../Drivers/CMSIS/Device/ST/STM32F1xx/Include -I../Drivers/CMSIS/Include -I"C:/Users/dramos/Documents/PFI_Dendrometro/firmware/PFI_Dendro/Core/drivers" -O0 -ffunction-sections -fdata-sections -Wall -fstack-usage -fcyclomatic-complexity -MMD -MP -MF"Core/drivers/rtc_driver.d" -MT"Core/drivers/rtc_driver.o" --specs=nano.specs -mfloat-abi=soft -mthumb -o "Core/drivers/rtc_driver.o"
arm-none-eabi-gcc -o "PFI_Dendro.elf" @"objects.list"   -mcpu=cortex-m3 -T"C:\Users\dramos\Documents\PFI_Dendrometro\firmware\PFI_Dendro\STM32F103C8TX_FLASH.ld" --specs=nosys.specs -Wl,-Map="PFI_Dendro.map" -Wl,--gc-sections -static --specs=nano.specs -mfloat-abi=soft -mthumb -Wl,--start-group -lc -lm -Wl,--end-group
Finished building target: PFI_Dendro.elf
 
arm-none-eabi-size  PFI_Dendro.elf 
arm-none-eabi-objdump -h -S PFI_Dendro.elf  > "PFI_Dendro.list"
   text	   data	    bss	    dec	    hex	filename
   5880	     20	   1652	   7552	   1d80	PFI_Dendro.elf
Finished building: default.size.stdout
 
Finished building: PFI_Dendro.list
 
