16:54:13 **** Incremental Build of configuration Debug for project PFI_Dendro ****
make -j4 all 
arm-none-eabi-gcc "../Drivers/STM32F1xx_HAL_Driver/Src/stm32f1xx_hal.c" -mcpu=cortex-m3 -std=gnu11 -g3 -DDEBUG -DUSE_HAL_DRIVER -DSTM32F103xB -c -I../Core/Inc -I../Drivers/STM32F1xx_HAL_Driver/Inc/Legacy -I../Drivers/STM32F1xx_HAL_Driver/Inc -I../Drivers/CMSIS/Device/ST/STM32F1xx/Include -I../Drivers/CMSIS/Include -I"C:/Users/dramos/Documents/PFI_Dendrometro/firmware/PFI_Dendro/Core/drivers/rtc" -I"C:/Users/dramos/Documents/PFI_Dendrometro/firmware/PFI_Dendro/Core/drivers/dht22" -I"C:/Users/dramos/Documents/PFI_Dendrometro/firmware/PFI_Dendro/Core/drivers/sht21" -I"C:/Users/dramos/Documents/PFI_Dendrometro/firmware/PFI_Dendro/Core/services/environment_measure" -I"C:/Users/dramos/Documents/PFI_Dendrometro/firmware/PFI_Dendro/Core/services/rtc_manager" -O0 -ffunction-sections -fdata-sections -Wall -fstack-usage -fcyclomatic-complexity -MMD -MP -MF"Drivers/STM32F1xx_HAL_Driver/Src/stm32f1xx_hal.d" -MT"Drivers/STM32F1xx_HAL_Driver/Src/stm32f1xx_hal.o" --specs=nano.specs -mfloat-abi=soft -mthumb -o "Drivers/STM32F1xx_HAL_Driver/Src/stm32f1xx_hal.o"
arm-none-eabi-gcc "../Drivers/STM32F1xx_HAL_Driver/Src/stm32f1xx_hal_cortex.c" -mcpu=cortex-m3 -std=gnu11 -g3 -DDEBUG -DUSE_HAL_DRIVER -DSTM32F103xB -c -I../Core/Inc -I../Drivers/STM32F1xx_HAL_Driver/Inc/Legacy -I../Drivers/STM32F1xx_HAL_Driver/Inc -I../Drivers/CMSIS/Device/ST/STM32F1xx/Include -I../Drivers/CMSIS/Include -I"C:/Users/dramos/Documents/PFI_Dendrometro/firmware/PFI_Dendro/Core/drivers/rtc" -I"C:/Users/dramos/Documents/PFI_Dendrometro/firmware/PFI_Dendro/Core/drivers/dht22" -I"C:/Users/dramos/Documents/PFI_Dendrometro/firmware/PFI_Dendro/Core/drivers/sht21" -I"C:/Users/dramos/Documents/PFI_Dendrometro/firmware/PFI_Dendro/Core/services/environment_measure" -I"C:/Users/dramos/Documents/PFI_Dendrometro/firmware/PFI_Dendro/Core/services/rtc_manager" -O0 -ffunction-sections -fdata-sections -Wall -fstack-usage -fcyclomatic-complexity -MMD -MP -MF"Drivers/STM32F1xx_HAL_Driver/Src/stm32f1xx_hal_cortex.d" -MT"Drivers/STM32F1xx_HAL_Driver/Src/stm32f1xx_hal_cortex.o" --specs=nano.specs -mfloat-abi=soft -mthumb -o "Drivers/STM32F1xx_HAL_Driver/Src/stm32f1xx_hal_cortex.o"
arm-none-eabi-gcc "../Drivers/STM32F1xx_HAL_Driver/Src/stm32f1xx_hal_dma.c" -mcpu=cortex-m3 -std=gnu11 -g3 -DDEBUG -DUSE_HAL_DRIVER -DSTM32F103xB -c -I../Core/Inc -I../Drivers/STM32F1xx_HAL_Driver/Inc/Legacy -I../Drivers/STM32F1xx_HAL_Driver/Inc -I../Drivers/CMSIS/Device/ST/STM32F1xx/Include -I../Drivers/CMSIS/Include -I"C:/Users/dramos/Documents/PFI_Dendrometro/firmware/PFI_Dendro/Core/drivers/rtc" -I"C:/Users/dramos/Documents/PFI_Dendrometro/firmware/PFI_Dendro/Core/drivers/dht22" -I"C:/Users/dramos/Documents/PFI_Dendrometro/firmware/PFI_Dendro/Core/drivers/sht21" -I"C:/Users/dramos/Documents/PFI_Dendrometro/firmware/PFI_Dendro/Core/services/environment_measure" -I"C:/Users/dramos/Documents/PFI_Dendrometro/firmware/PFI_Dendro/Core/services/rtc_manager" -O0 -ffunction-sections -fdata-sections -Wall -fstack-usage -fcyclomatic-complexity -MMD -MP -MF"Drivers/STM32F1xx_HAL_Driver/Src/stm32f1xx_hal_dma.d" -MT"Drivers/STM32F1xx_HAL_Driver/Src/stm32f1xx_hal_dma.o" --specs=nano.specs -mfloat-abi=soft -mthumb -o "Drivers/STM32F1xx_HAL_Driver/Src/stm32f1xx_hal_dma.o"
arm-none-eabi-gcc "../Drivers/STM32F1xx_HAL_Driver/Src/stm32f1xx_hal_exti.c" -mcpu=cortex-m3 -std=gnu11 -g3 -DDEBUG -DUSE_HAL_DRIVER -DSTM32F103xB -c -I../Core/Inc -I../Drivers/STM32F1xx_HAL_Driver/Inc/Legacy -I../Drivers/STM32F1xx_HAL_Driver/Inc -I../Drivers/CMSIS/Device/ST/STM32F1xx/Include -I../Drivers/CMSIS/Include -I"C:/Users/dramos/Documents/PFI_Dendrometro/firmware/PFI_Dendro/Core/drivers/rtc" -I"C:/Users/dramos/Documents/PFI_Dendrometro/firmware/PFI_Dendro/Core/drivers/dht22" -I"C:/Users/dramos/Documents/PFI_Dendrometro/firmware/PFI_Dendro/Core/drivers/sht21" -I"C:/Users/dramos/Documents/PFI_Dendrometro/firmware/PFI_Dendro/Core/services/environment_measure" -I"C:/Users/dramos/Documents/PFI_Dendrometro/firmware/PFI_Dendro/Core/services/rtc_manager" -O0 -ffunction-sections -fdata-sections -Wall -fstack-usage -fcyclomatic-complexity -MMD -MP -MF"Drivers/STM32F1xx_HAL_Driver/Src/stm32f1xx_hal_exti.d" -MT"Drivers/STM32F1xx_HAL_Driver/Src/stm32f1xx_hal_exti.o" --specs=nano.specs -mfloat-abi=soft -mthumb -o "Drivers/STM32F1xx_HAL_Driver/Src/stm32f1xx_hal_exti.o"
arm-none-eabi-gcc "../Drivers/STM32F1xx_HAL_Driver/Src/stm32f1xx_hal_flash.c" -mcpu=cortex-m3 -std=gnu11 -g3 -DDEBUG -DUSE_HAL_DRIVER -DSTM32F103xB -c -I../Core/Inc -I../Drivers/STM32F1xx_HAL_Driver/Inc/Legacy -I../Drivers/STM32F1xx_HAL_Driver/Inc -I../Drivers/CMSIS/Device/ST/STM32F1xx/Include -I../Drivers/CMSIS/Include -I"C:/Users/dramos/Documents/PFI_Dendrometro/firmware/PFI_Dendro/Core/drivers/rtc" -I"C:/Users/dramos/Documents/PFI_Dendrometro/firmware/PFI_Dendro/Core/drivers/dht22" -I"C:/Users/dramos/Documents/PFI_Dendrometro/firmware/PFI_Dendro/Core/drivers/sht21" -I"C:/Users/dramos/Documents/PFI_Dendrometro/firmware/PFI_Dendro/Core/services/environment_measure" -I"C:/Users/dramos/Documents/PFI_Dendrometro/firmware/PFI_Dendro/Core/services/rtc_manager" -O0 -ffunction-sections -fdata-sections -Wall -fstack-usage -fcyclomatic-complexity -MMD -MP -MF"Drivers/STM32F1xx_HAL_Driver/Src/stm32f1xx_hal_flash.d" -MT"Drivers/STM32F1xx_HAL_Driver/Src/stm32f1xx_hal_flash.o" --specs=nano.specs -mfloat-abi=soft -mthumb -o "Drivers/STM32F1xx_HAL_Driver/Src/stm32f1xx_hal_flash.o"
arm-none-eabi-gcc "../Drivers/STM32F1xx_HAL_Driver/Src/stm32f1xx_hal_flash_ex.c" -mcpu=cortex-m3 -std=gnu11 -g3 -DDEBUG -DUSE_HAL_DRIVER -DSTM32F103xB -c -I../Core/Inc -I../Drivers/STM32F1xx_HAL_Driver/Inc/Legacy -I../Drivers/STM32F1xx_HAL_Driver/Inc -I../Drivers/CMSIS/Device/ST/STM32F1xx/Include -I../Drivers/CMSIS/Include -I"C:/Users/dramos/Documents/PFI_Dendrometro/firmware/PFI_Dendro/Core/drivers/rtc" -I"C:/Users/dramos/Documents/PFI_Dendrometro/firmware/PFI_Dendro/Core/drivers/dht22" -I"C:/Users/dramos/Documents/PFI_Dendrometro/firmware/PFI_Dendro/Core/drivers/sht21" -I"C:/Users/dramos/Documents/PFI_Dendrometro/firmware/PFI_Dendro/Core/services/environment_measure" -I"C:/Users/dramos/Documents/PFI_Dendrometro/firmware/PFI_Dendro/Core/services/rtc_manager" -O0 -ffunction-sections -fdata-sections -Wall -fstack-usage -fcyclomatic-complexity -MMD -MP -MF"Drivers/STM32F1xx_HAL_Driver/Src/stm32f1xx_hal_flash_ex.d" -MT"Drivers/STM32F1xx_HAL_Driver/Src/stm32f1xx_hal_flash_ex.o" --specs=nano.specs -mfloat-abi=soft -mthumb -o "Drivers/STM32F1xx_HAL_Driver/Src/stm32f1xx_hal_flash_ex.o"
arm-none-eabi-gcc "../Drivers/STM32F1xx_HAL_Driver/Src/stm32f1xx_hal_gpio.c" -mcpu=cortex-m3 -std=gnu11 -g3 -DDEBUG -DUSE_HAL_DRIVER -DSTM32F103xB -c -I../Core/Inc -I../Drivers/STM32F1xx_HAL_Driver/Inc/Legacy -I../Drivers/STM32F1xx_HAL_Driver/Inc -I../Drivers/CMSIS/Device/ST/STM32F1xx/Include -I../Drivers/CMSIS/Include -I"C:/Users/dramos/Documents/PFI_Dendrometro/firmware/PFI_Dendro/Core/drivers/rtc" -I"C:/Users/dramos/Documents/PFI_Dendrometro/firmware/PFI_Dendro/Core/drivers/dht22" -I"C:/Users/dramos/Documents/PFI_Dendrometro/firmware/PFI_Dendro/Core/drivers/sht21" -I"C:/Users/dramos/Documents/PFI_Dendrometro/firmware/PFI_Dendro/Core/services/environment_measure" -I"C:/Users/dramos/Documents/PFI_Dendrometro/firmware/PFI_Dendro/Core/services/rtc_manager" -O0 -ffunction-sections -fdata-sections -Wall -fstack-usage -fcyclomatic-complexity -MMD -MP -MF"Drivers/STM32F1xx_HAL_Driver/Src/stm32f1xx_hal_gpio.d" -MT"Drivers/STM32F1xx_HAL_Driver/Src/stm32f1xx_hal_gpio.o" --specs=nano.specs -mfloat-abi=soft -mthumb -o "Drivers/STM32F1xx_HAL_Driver/Src/stm32f1xx_hal_gpio.o"
arm-none-eabi-gcc "../Drivers/STM32F1xx_HAL_Driver/Src/stm32f1xx_hal_gpio_ex.c" -mcpu=cortex-m3 -std=gnu11 -g3 -DDEBUG -DUSE_HAL_DRIVER -DSTM32F103xB -c -I../Core/Inc -I../Drivers/STM32F1xx_HAL_Driver/Inc/Legacy -I../Drivers/STM32F1xx_HAL_Driver/Inc -I../Drivers/CMSIS/Device/ST/STM32F1xx/Include -I../Drivers/CMSIS/Include -I"C:/Users/dramos/Documents/PFI_Dendrometro/firmware/PFI_Dendro/Core/drivers/rtc" -I"C:/Users/dramos/Documents/PFI_Dendrometro/firmware/PFI_Dendro/Core/drivers/dht22" -I"C:/Users/dramos/Documents/PFI_Dendrometro/firmware/PFI_Dendro/Core/drivers/sht21" -I"C:/Users/dramos/Documents/PFI_Dendrometro/firmware/PFI_Dendro/Core/services/environment_measure" -I"C:/Users/dramos/Documents/PFI_Dendrometro/firmware/PFI_Dendro/Core/services/rtc_manager" -O0 -ffunction-sections -fdata-sections -Wall -fstack-usage -fcyclomatic-complexity -MMD -MP -MF"Drivers/STM32F1xx_HAL_Driver/Src/stm32f1xx_hal_gpio_ex.d" -MT"Drivers/STM32F1xx_HAL_Driver/Src/stm32f1xx_hal_gpio_ex.o" --specs=nano.specs -mfloat-abi=soft -mthumb -o "Drivers/STM32F1xx_HAL_Driver/Src/stm32f1xx_hal_gpio_ex.o"
arm-none-eabi-gcc "../Drivers/STM32F1xx_HAL_Driver/Src/stm32f1xx_hal_i2c.c" -mcpu=cortex-m3 -std=gnu11 -g3 -DDEBUG -DUSE_HAL_DRIVER -DSTM32F103xB -c -I../Core/Inc -I../Drivers/STM32F1xx_HAL_Driver/Inc/Legacy -I../Drivers/STM32F1xx_HAL_Driver/Inc -I../Drivers/CMSIS/Device/ST/STM32F1xx/Include -I../Drivers/CMSIS/Include -I"C:/Users/dramos/Documents/PFI_Dendrometro/firmware/PFI_Dendro/Core/drivers/rtc" -I"C:/Users/dramos/Documents/PFI_Dendrometro/firmware/PFI_Dendro/Core/drivers/dht22" -I"C:/Users/dramos/Documents/PFI_Dendrometro/firmware/PFI_Dendro/Core/drivers/sht21" -I"C:/Users/dramos/Documents/PFI_Dendrometro/firmware/PFI_Dendro/Core/services/environment_measure" -I"C:/Users/dramos/Documents/PFI_Dendrometro/firmware/PFI_Dendro/Core/services/rtc_manager" -O0 -ffunction-sections -fdata-sections -Wall -fstack-usage -fcyclomatic-complexity -MMD -MP -MF"Drivers/STM32F1xx_HAL_Driver/Src/stm32f1xx_hal_i2c.d" -MT"Drivers/STM32F1xx_HAL_Driver/Src/stm32f1xx_hal_i2c.o" --specs=nano.specs -mfloat-abi=soft -mthumb -o "Drivers/STM32F1xx_HAL_Driver/Src/stm32f1xx_hal_i2c.o"
arm-none-eabi-gcc "../Drivers/STM32F1xx_HAL_Driver/Src/stm32f1xx_hal_pwr.c" -mcpu=cortex-m3 -std=gnu11 -g3 -DDEBUG -DUSE_HAL_DRIVER -DSTM32F103xB -c -I../Core/Inc -I../Drivers/STM32F1xx_HAL_Driver/Inc/Legacy -I../Drivers/STM32F1xx_HAL_Driver/Inc -I../Drivers/CMSIS/Device/ST/STM32F1xx/Include -I../Drivers/CMSIS/Include -I"C:/Users/dramos/Documents/PFI_Dendrometro/firmware/PFI_Dendro/Core/drivers/rtc" -I"C:/Users/dramos/Documents/PFI_Dendrometro/firmware/PFI_Dendro/Core/drivers/dht22" -I"C:/Users/dramos/Documents/PFI_Dendrometro/firmware/PFI_Dendro/Core/drivers/sht21" -I"C:/Users/dramos/Documents/PFI_Dendrometro/firmware/PFI_Dendro/Core/services/environment_measure" -I"C:/Users/dramos/Documents/PFI_Dendrometro/firmware/PFI_Dendro/Core/services/rtc_manager" -O0 -ffunction-sections -fdata-sections -Wall -fstack-usage -fcyclomatic-complexity -MMD -MP -MF"Drivers/STM32F1xx_HAL_Driver/Src/stm32f1xx_hal_pwr.d" -MT"Drivers/STM32F1xx_HAL_Driver/Src/stm32f1xx_hal_pwr.o" --specs=nano.specs -mfloat-abi=soft -mthumb -o "Drivers/STM32F1xx_HAL_Driver/Src/stm32f1xx_hal_pwr.o"
arm-none-eabi-gcc "../Drivers/STM32F1xx_HAL_Driver/Src/stm32f1xx_hal_rcc.c" -mcpu=cortex-m3 -std=gnu11 -g3 -DDEBUG -DUSE_HAL_DRIVER -DSTM32F103xB -c -I../Core/Inc -I../Drivers/STM32F1xx_HAL_Driver/Inc/Legacy -I../Drivers/STM32F1xx_HAL_Driver/Inc -I../Drivers/CMSIS/Device/ST/STM32F1xx/Include -I../Drivers/CMSIS/Include -I"C:/Users/dramos/Documents/PFI_Dendrometro/firmware/PFI_Dendro/Core/drivers/rtc" -I"C:/Users/dramos/Documents/PFI_Dendrometro/firmware/PFI_Dendro/Core/drivers/dht22" -I"C:/Users/dramos/Documents/PFI_Dendrometro/firmware/PFI_Dendro/Core/drivers/sht21" -I"C:/Users/dramos/Documents/PFI_Dendrometro/firmware/PFI_Dendro/Core/services/environment_measure" -I"C:/Users/dramos/Documents/PFI_Dendrometro/firmware/PFI_Dendro/Core/services/rtc_manager" -O0 -ffunction-sections -fdata-sections -Wall -fstack-usage -fcyclomatic-complexity -MMD -MP -MF"Drivers/STM32F1xx_HAL_Driver/Src/stm32f1xx_hal_rcc.d" -MT"Drivers/STM32F1xx_HAL_Driver/Src/stm32f1xx_hal_rcc.o" --specs=nano.specs -mfloat-abi=soft -mthumb -o "Drivers/STM32F1xx_HAL_Driver/Src/stm32f1xx_hal_rcc.o"
arm-none-eabi-gcc "../Drivers/STM32F1xx_HAL_Driver/Src/stm32f1xx_hal_rcc_ex.c" -mcpu=cortex-m3 -std=gnu11 -g3 -DDEBUG -DUSE_HAL_DRIVER -DSTM32F103xB -c -I../Core/Inc -I../Drivers/STM32F1xx_HAL_Driver/Inc/Legacy -I../Drivers/STM32F1xx_HAL_Driver/Inc -I../Drivers/CMSIS/Device/ST/STM32F1xx/Include -I../Drivers/CMSIS/Include -I"C:/Users/dramos/Documents/PFI_Dendrometro/firmware/PFI_Dendro/Core/drivers/rtc" -I"C:/Users/dramos/Documents/PFI_Dendrometro/firmware/PFI_Dendro/Core/drivers/dht22" -I"C:/Users/dramos/Documents/PFI_Dendrometro/firmware/PFI_Dendro/Core/drivers/sht21" -I"C:/Users/dramos/Documents/PFI_Dendrometro/firmware/PFI_Dendro/Core/services/environment_measure" -I"C:/Users/dramos/Documents/PFI_Dendrometro/firmware/PFI_Dendro/Core/services/rtc_manager" -O0 -ffunction-sections -fdata-sections -Wall -fstack-usage -fcyclomatic-complexity -MMD -MP -MF"Drivers/STM32F1xx_HAL_Driver/Src/stm32f1xx_hal_rcc_ex.d" -MT"Drivers/STM32F1xx_HAL_Driver/Src/stm32f1xx_hal_rcc_ex.o" --specs=nano.specs -mfloat-abi=soft -mthumb -o "Drivers/STM32F1xx_HAL_Driver/Src/stm32f1xx_hal_rcc_ex.o"
arm-none-eabi-gcc "../Drivers/STM32F1xx_HAL_Driver/Src/stm32f1xx_hal_tim.c" -mcpu=cortex-m3 -std=gnu11 -g3 -DDEBUG -DUSE_HAL_DRIVER -DSTM32F103xB -c -I../Core/Inc -I../Drivers/STM32F1xx_HAL_Driver/Inc/Legacy -I../Drivers/STM32F1xx_HAL_Driver/Inc -I../Drivers/CMSIS/Device/ST/STM32F1xx/Include -I../Drivers/CMSIS/Include -I"C:/Users/dramos/Documents/PFI_Dendrometro/firmware/PFI_Dendro/Core/drivers/rtc" -I"C:/Users/dramos/Documents/PFI_Dendrometro/firmware/PFI_Dendro/Core/drivers/dht22" -I"C:/Users/dramos/Documents/PFI_Dendrometro/firmware/PFI_Dendro/Core/drivers/sht21" -I"C:/Users/dramos/Documents/PFI_Dendrometro/firmware/PFI_Dendro/Core/services/environment_measure" -I"C:/Users/dramos/Documents/PFI_Dendrometro/firmware/PFI_Dendro/Core/services/rtc_manager" -O0 -ffunction-sections -fdata-sections -Wall -fstack-usage -fcyclomatic-complexity -MMD -MP -MF"Drivers/STM32F1xx_HAL_Driver/Src/stm32f1xx_hal_tim.d" -MT"Drivers/STM32F1xx_HAL_Driver/Src/stm32f1xx_hal_tim.o" --specs=nano.specs -mfloat-abi=soft -mthumb -o "Drivers/STM32F1xx_HAL_Driver/Src/stm32f1xx_hal_tim.o"
arm-none-eabi-gcc "../Drivers/STM32F1xx_HAL_Driver/Src/stm32f1xx_hal_tim_ex.c" -mcpu=cortex-m3 -std=gnu11 -g3 -DDEBUG -DUSE_HAL_DRIVER -DSTM32F103xB -c -I../Core/Inc -I../Drivers/STM32F1xx_HAL_Driver/Inc/Legacy -I../Drivers/STM32F1xx_HAL_Driver/Inc -I../Drivers/CMSIS/Device/ST/STM32F1xx/Include -I../Drivers/CMSIS/Include -I"C:/Users/dramos/Documents/PFI_Dendrometro/firmware/PFI_Dendro/Core/drivers/rtc" -I"C:/Users/dramos/Documents/PFI_Dendrometro/firmware/PFI_Dendro/Core/drivers/dht22" -I"C:/Users/dramos/Documents/PFI_Dendrometro/firmware/PFI_Dendro/Core/drivers/sht21" -I"C:/Users/dramos/Documents/PFI_Dendrometro/firmware/PFI_Dendro/Core/services/environment_measure" -I"C:/Users/dramos/Documents/PFI_Dendrometro/firmware/PFI_Dendro/Core/services/rtc_manager" -O0 -ffunction-sections -fdata-sections -Wall -fstack-usage -fcyclomatic-complexity -MMD -MP -MF"Drivers/STM32F1xx_HAL_Driver/Src/stm32f1xx_hal_tim_ex.d" -MT"Drivers/STM32F1xx_HAL_Driver/Src/stm32f1xx_hal_tim_ex.o" --specs=nano.specs -mfloat-abi=soft -mthumb -o "Drivers/STM32F1xx_HAL_Driver/Src/stm32f1xx_hal_tim_ex.o"
arm-none-eabi-gcc "../Core/services/rtc_manager/date_and_time.c" -mcpu=cortex-m3 -std=gnu11 -g3 -DDEBUG -DUSE_HAL_DRIVER -DSTM32F103xB -c -I../Core/Inc -I../Drivers/STM32F1xx_HAL_Driver/Inc/Legacy -I../Drivers/STM32F1xx_HAL_Driver/Inc -I../Drivers/CMSIS/Device/ST/STM32F1xx/Include -I../Drivers/CMSIS/Include -I"C:/Users/dramos/Documents/PFI_Dendrometro/firmware/PFI_Dendro/Core/drivers/rtc" -I"C:/Users/dramos/Documents/PFI_Dendrometro/firmware/PFI_Dendro/Core/drivers/dht22" -I"C:/Users/dramos/Documents/PFI_Dendrometro/firmware/PFI_Dendro/Core/drivers/sht21" -I"C:/Users/dramos/Documents/PFI_Dendrometro/firmware/PFI_Dendro/Core/services/environment_measure" -I"C:/Users/dramos/Documents/PFI_Dendrometro/firmware/PFI_Dendro/Core/services/rtc_manager" -O0 -ffunction-sections -fdata-sections -Wall -fstack-usage -fcyclomatic-complexity -MMD -MP -MF"Core/services/rtc_manager/date_and_time.d" -MT"Core/services/rtc_manager/date_and_time.o" --specs=nano.specs -mfloat-abi=soft -mthumb -o "Core/services/rtc_manager/date_and_time.o"
arm-none-eabi-gcc "../Core/services/rtc_manager/rtc_manager.c" -mcpu=cortex-m3 -std=gnu11 -g3 -DDEBUG -DUSE_HAL_DRIVER -DSTM32F103xB -c -I../Core/Inc -I../Drivers/STM32F1xx_HAL_Driver/Inc/Legacy -I../Drivers/STM32F1xx_HAL_Driver/Inc -I../Drivers/CMSIS/Device/ST/STM32F1xx/Include -I../Drivers/CMSIS/Include -I"C:/Users/dramos/Documents/PFI_Dendrometro/firmware/PFI_Dendro/Core/drivers/rtc" -I"C:/Users/dramos/Documents/PFI_Dendrometro/firmware/PFI_Dendro/Core/drivers/dht22" -I"C:/Users/dramos/Documents/PFI_Dendrometro/firmware/PFI_Dendro/Core/drivers/sht21" -I"C:/Users/dramos/Documents/PFI_Dendrometro/firmware/PFI_Dendro/Core/services/environment_measure" -I"C:/Users/dramos/Documents/PFI_Dendrometro/firmware/PFI_Dendro/Core/services/rtc_manager" -O0 -ffunction-sections -fdata-sections -Wall -fstack-usage -fcyclomatic-complexity -MMD -MP -MF"Core/services/rtc_manager/rtc_manager.d" -MT"Core/services/rtc_manager/rtc_manager.o" --specs=nano.specs -mfloat-abi=soft -mthumb -o "Core/services/rtc_manager/rtc_manager.o"
arm-none-eabi-gcc "../Core/services/environment_measure/environment_data.c" -mcpu=cortex-m3 -std=gnu11 -g3 -DDEBUG -DUSE_HAL_DRIVER -DSTM32F103xB -c -I../Core/Inc -I../Drivers/STM32F1xx_HAL_Driver/Inc/Legacy -I../Drivers/STM32F1xx_HAL_Driver/Inc -I../Drivers/CMSIS/Device/ST/STM32F1xx/Include -I../Drivers/CMSIS/Include -I"C:/Users/dramos/Documents/PFI_Dendrometro/firmware/PFI_Dendro/Core/drivers/rtc" -I"C:/Users/dramos/Documents/PFI_Dendrometro/firmware/PFI_Dendro/Core/drivers/dht22" -I"C:/Users/dramos/Documents/PFI_Dendrometro/firmware/PFI_Dendro/Core/drivers/sht21" -I"C:/Users/dramos/Documents/PFI_Dendrometro/firmware/PFI_Dendro/Core/services/environment_measure" -I"C:/Users/dramos/Documents/PFI_Dendrometro/firmware/PFI_Dendro/Core/services/rtc_manager" -O0 -ffunction-sections -fdata-sections -Wall -fstack-usage -fcyclomatic-complexity -MMD -MP -MF"Core/services/environment_measure/environment_data.d" -MT"Core/services/environment_measure/environment_data.o" --specs=nano.specs -mfloat-abi=soft -mthumb -o "Core/services/environment_measure/environment_data.o"
arm-none-eabi-gcc "../Core/drivers/sht21/sht21_driver.c" -mcpu=cortex-m3 -std=gnu11 -g3 -DDEBUG -DUSE_HAL_DRIVER -DSTM32F103xB -c -I../Core/Inc -I../Drivers/STM32F1xx_HAL_Driver/Inc/Legacy -I../Drivers/STM32F1xx_HAL_Driver/Inc -I../Drivers/CMSIS/Device/ST/STM32F1xx/Include -I../Drivers/CMSIS/Include -I"C:/Users/dramos/Documents/PFI_Dendrometro/firmware/PFI_Dendro/Core/drivers/rtc" -I"C:/Users/dramos/Documents/PFI_Dendrometro/firmware/PFI_Dendro/Core/drivers/dht22" -I"C:/Users/dramos/Documents/PFI_Dendrometro/firmware/PFI_Dendro/Core/drivers/sht21" -I"C:/Users/dramos/Documents/PFI_Dendrometro/firmware/PFI_Dendro/Core/services/environment_measure" -I"C:/Users/dramos/Documents/PFI_Dendrometro/firmware/PFI_Dendro/Core/services/rtc_manager" -O0 -ffunction-sections -fdata-sections -Wall -fstack-usage -fcyclomatic-complexity -MMD -MP -MF"Core/drivers/sht21/sht21_driver.d" -MT"Core/drivers/sht21/sht21_driver.o" --specs=nano.specs -mfloat-abi=soft -mthumb -o "Core/drivers/sht21/sht21_driver.o"
arm-none-eabi-gcc "../Core/drivers/rtc/rtc_driver.c" -mcpu=cortex-m3 -std=gnu11 -g3 -DDEBUG -DUSE_HAL_DRIVER -DSTM32F103xB -c -I../Core/Inc -I../Drivers/STM32F1xx_HAL_Driver/Inc/Legacy -I../Drivers/STM32F1xx_HAL_Driver/Inc -I../Drivers/CMSIS/Device/ST/STM32F1xx/Include -I../Drivers/CMSIS/Include -I"C:/Users/dramos/Documents/PFI_Dendrometro/firmware/PFI_Dendro/Core/drivers/rtc" -I"C:/Users/dramos/Documents/PFI_Dendrometro/firmware/PFI_Dendro/Core/drivers/dht22" -I"C:/Users/dramos/Documents/PFI_Dendrometro/firmware/PFI_Dendro/Core/drivers/sht21" -I"C:/Users/dramos/Documents/PFI_Dendrometro/firmware/PFI_Dendro/Core/services/environment_measure" -I"C:/Users/dramos/Documents/PFI_Dendrometro/firmware/PFI_Dendro/Core/services/rtc_manager" -O0 -ffunction-sections -fdata-sections -Wall -fstack-usage -fcyclomatic-complexity -MMD -MP -MF"Core/drivers/rtc/rtc_driver.d" -MT"Core/drivers/rtc/rtc_driver.o" --specs=nano.specs -mfloat-abi=soft -mthumb -o "Core/drivers/rtc/rtc_driver.o"
arm-none-eabi-gcc "../Core/drivers/dht22/delay_us.c" -mcpu=cortex-m3 -std=gnu11 -g3 -DDEBUG -DUSE_HAL_DRIVER -DSTM32F103xB -c -I../Core/Inc -I../Drivers/STM32F1xx_HAL_Driver/Inc/Legacy -I../Drivers/STM32F1xx_HAL_Driver/Inc -I../Drivers/CMSIS/Device/ST/STM32F1xx/Include -I../Drivers/CMSIS/Include -I"C:/Users/dramos/Documents/PFI_Dendrometro/firmware/PFI_Dendro/Core/drivers/rtc" -I"C:/Users/dramos/Documents/PFI_Dendrometro/firmware/PFI_Dendro/Core/drivers/dht22" -I"C:/Users/dramos/Documents/PFI_Dendrometro/firmware/PFI_Dendro/Core/drivers/sht21" -I"C:/Users/dramos/Documents/PFI_Dendrometro/firmware/PFI_Dendro/Core/services/environment_measure" -I"C:/Users/dramos/Documents/PFI_Dendrometro/firmware/PFI_Dendro/Core/services/rtc_manager" -O0 -ffunction-sections -fdata-sections -Wall -fstack-usage -fcyclomatic-complexity -MMD -MP -MF"Core/drivers/dht22/delay_us.d" -MT"Core/drivers/dht22/delay_us.o" --specs=nano.specs -mfloat-abi=soft -mthumb -o "Core/drivers/dht22/delay_us.o"
arm-none-eabi-gcc "../Core/drivers/dht22/dht22_driver.c" -mcpu=cortex-m3 -std=gnu11 -g3 -DDEBUG -DUSE_HAL_DRIVER -DSTM32F103xB -c -I../Core/Inc -I../Drivers/STM32F1xx_HAL_Driver/Inc/Legacy -I../Drivers/STM32F1xx_HAL_Driver/Inc -I../Drivers/CMSIS/Device/ST/STM32F1xx/Include -I../Drivers/CMSIS/Include -I"C:/Users/dramos/Documents/PFI_Dendrometro/firmware/PFI_Dendro/Core/drivers/rtc" -I"C:/Users/dramos/Documents/PFI_Dendrometro/firmware/PFI_Dendro/Core/drivers/dht22" -I"C:/Users/dramos/Documents/PFI_Dendrometro/firmware/PFI_Dendro/Core/drivers/sht21" -I"C:/Users/dramos/Documents/PFI_Dendrometro/firmware/PFI_Dendro/Core/services/environment_measure" -I"C:/Users/dramos/Documents/PFI_Dendrometro/firmware/PFI_Dendro/Core/services/rtc_manager" -O0 -ffunction-sections -fdata-sections -Wall -fstack-usage -fcyclomatic-complexity -MMD -MP -MF"Core/drivers/dht22/dht22_driver.d" -MT"Core/drivers/dht22/dht22_driver.o" --specs=nano.specs -mfloat-abi=soft -mthumb -o "Core/drivers/dht22/dht22_driver.o"
arm-none-eabi-gcc "../Core/Src/main.c" -mcpu=cortex-m3 -std=gnu11 -g3 -DDEBUG -DUSE_HAL_DRIVER -DSTM32F103xB -c -I../Core/Inc -I../Drivers/STM32F1xx_HAL_Driver/Inc/Legacy -I../Drivers/STM32F1xx_HAL_Driver/Inc -I../Drivers/CMSIS/Device/ST/STM32F1xx/Include -I../Drivers/CMSIS/Include -I"C:/Users/dramos/Documents/PFI_Dendrometro/firmware/PFI_Dendro/Core/drivers/rtc" -I"C:/Users/dramos/Documents/PFI_Dendrometro/firmware/PFI_Dendro/Core/drivers/dht22" -I"C:/Users/dramos/Documents/PFI_Dendrometro/firmware/PFI_Dendro/Core/drivers/sht21" -I"C:/Users/dramos/Documents/PFI_Dendrometro/firmware/PFI_Dendro/Core/services/environment_measure" -I"C:/Users/dramos/Documents/PFI_Dendrometro/firmware/PFI_Dendro/Core/services/rtc_manager" -O0 -ffunction-sections -fdata-sections -Wall -fstack-usage -fcyclomatic-complexity -MMD -MP -MF"Core/Src/main.d" -MT"Core/Src/main.o" --specs=nano.specs -mfloat-abi=soft -mthumb -o "Core/Src/main.o"
arm-none-eabi-gcc "../Core/Src/stm32f1xx_hal_msp.c" -mcpu=cortex-m3 -std=gnu11 -g3 -DDEBUG -DUSE_HAL_DRIVER -DSTM32F103xB -c -I../Core/Inc -I../Drivers/STM32F1xx_HAL_Driver/Inc/Legacy -I../Drivers/STM32F1xx_HAL_Driver/Inc -I../Drivers/CMSIS/Device/ST/STM32F1xx/Include -I../Drivers/CMSIS/Include -I"C:/Users/dramos/Documents/PFI_Dendrometro/firmware/PFI_Dendro/Core/drivers/rtc" -I"C:/Users/dramos/Documents/PFI_Dendrometro/firmware/PFI_Dendro/Core/drivers/dht22" -I"C:/Users/dramos/Documents/PFI_Dendrometro/firmware/PFI_Dendro/Core/drivers/sht21" -I"C:/Users/dramos/Documents/PFI_Dendrometro/firmware/PFI_Dendro/Core/services/environment_measure" -I"C:/Users/dramos/Documents/PFI_Dendrometro/firmware/PFI_Dendro/Core/services/rtc_manager" -O0 -ffunction-sections -fdata-sections -Wall -fstack-usage -fcyclomatic-complexity -MMD -MP -MF"Core/Src/stm32f1xx_hal_msp.d" -MT"Core/Src/stm32f1xx_hal_msp.o" --specs=nano.specs -mfloat-abi=soft -mthumb -o "Core/Src/stm32f1xx_hal_msp.o"
arm-none-eabi-gcc "../Core/Src/stm32f1xx_it.c" -mcpu=cortex-m3 -std=gnu11 -g3 -DDEBUG -DUSE_HAL_DRIVER -DSTM32F103xB -c -I../Core/Inc -I../Drivers/STM32F1xx_HAL_Driver/Inc/Legacy -I../Drivers/STM32F1xx_HAL_Driver/Inc -I../Drivers/CMSIS/Device/ST/STM32F1xx/Include -I../Drivers/CMSIS/Include -I"C:/Users/dramos/Documents/PFI_Dendrometro/firmware/PFI_Dendro/Core/drivers/rtc" -I"C:/Users/dramos/Documents/PFI_Dendrometro/firmware/PFI_Dendro/Core/drivers/dht22" -I"C:/Users/dramos/Documents/PFI_Dendrometro/firmware/PFI_Dendro/Core/drivers/sht21" -I"C:/Users/dramos/Documents/PFI_Dendrometro/firmware/PFI_Dendro/Core/services/environment_measure" -I"C:/Users/dramos/Documents/PFI_Dendrometro/firmware/PFI_Dendro/Core/services/rtc_manager" -O0 -ffunction-sections -fdata-sections -Wall -fstack-usage -fcyclomatic-complexity -MMD -MP -MF"Core/Src/stm32f1xx_it.d" -MT"Core/Src/stm32f1xx_it.o" --specs=nano.specs -mfloat-abi=soft -mthumb -o "Core/Src/stm32f1xx_it.o"
arm-none-eabi-gcc "../Core/Src/syscalls.c" -mcpu=cortex-m3 -std=gnu11 -g3 -DDEBUG -DUSE_HAL_DRIVER -DSTM32F103xB -c -I../Core/Inc -I../Drivers/STM32F1xx_HAL_Driver/Inc/Legacy -I../Drivers/STM32F1xx_HAL_Driver/Inc -I../Drivers/CMSIS/Device/ST/STM32F1xx/Include -I../Drivers/CMSIS/Include -I"C:/Users/dramos/Documents/PFI_Dendrometro/firmware/PFI_Dendro/Core/drivers/rtc" -I"C:/Users/dramos/Documents/PFI_Dendrometro/firmware/PFI_Dendro/Core/drivers/dht22" -I"C:/Users/dramos/Documents/PFI_Dendrometro/firmware/PFI_Dendro/Core/drivers/sht21" -I"C:/Users/dramos/Documents/PFI_Dendrometro/firmware/PFI_Dendro/Core/services/environment_measure" -I"C:/Users/dramos/Documents/PFI_Dendrometro/firmware/PFI_Dendro/Core/services/rtc_manager" -O0 -ffunction-sections -fdata-sections -Wall -fstack-usage -fcyclomatic-complexity -MMD -MP -MF"Core/Src/syscalls.d" -MT"Core/Src/syscalls.o" --specs=nano.specs -mfloat-abi=soft -mthumb -o "Core/Src/syscalls.o"
arm-none-eabi-gcc "../Core/Src/sysmem.c" -mcpu=cortex-m3 -std=gnu11 -g3 -DDEBUG -DUSE_HAL_DRIVER -DSTM32F103xB -c -I../Core/Inc -I../Drivers/STM32F1xx_HAL_Driver/Inc/Legacy -I../Drivers/STM32F1xx_HAL_Driver/Inc -I../Drivers/CMSIS/Device/ST/STM32F1xx/Include -I../Drivers/CMSIS/Include -I"C:/Users/dramos/Documents/PFI_Dendrometro/firmware/PFI_Dendro/Core/drivers/rtc" -I"C:/Users/dramos/Documents/PFI_Dendrometro/firmware/PFI_Dendro/Core/drivers/dht22" -I"C:/Users/dramos/Documents/PFI_Dendrometro/firmware/PFI_Dendro/Core/drivers/sht21" -I"C:/Users/dramos/Documents/PFI_Dendrometro/firmware/PFI_Dendro/Core/services/environment_measure" -I"C:/Users/dramos/Documents/PFI_Dendrometro/firmware/PFI_Dendro/Core/services/rtc_manager" -O0 -ffunction-sections -fdata-sections -Wall -fstack-usage -fcyclomatic-complexity -MMD -MP -MF"Core/Src/sysmem.d" -MT"Core/Src/sysmem.o" --specs=nano.specs -mfloat-abi=soft -mthumb -o "Core/Src/sysmem.o"
arm-none-eabi-gcc "../Core/Src/system_stm32f1xx.c" -mcpu=cortex-m3 -std=gnu11 -g3 -DDEBUG -DUSE_HAL_DRIVER -DSTM32F103xB -c -I../Core/Inc -I../Drivers/STM32F1xx_HAL_Driver/Inc/Legacy -I../Drivers/STM32F1xx_HAL_Driver/Inc -I../Drivers/CMSIS/Device/ST/STM32F1xx/Include -I../Drivers/CMSIS/Include -I"C:/Users/dramos/Documents/PFI_Dendrometro/firmware/PFI_Dendro/Core/drivers/rtc" -I"C:/Users/dramos/Documents/PFI_Dendrometro/firmware/PFI_Dendro/Core/drivers/dht22" -I"C:/Users/dramos/Documents/PFI_Dendrometro/firmware/PFI_Dendro/Core/drivers/sht21" -I"C:/Users/dramos/Documents/PFI_Dendrometro/firmware/PFI_Dendro/Core/services/environment_measure" -I"C:/Users/dramos/Documents/PFI_Dendrometro/firmware/PFI_Dendro/Core/services/rtc_manager" -O0 -ffunction-sections -fdata-sections -Wall -fstack-usage -fcyclomatic-complexity -MMD -MP -MF"Core/Src/system_stm32f1xx.d" -MT"Core/Src/system_stm32f1xx.o" --specs=nano.specs -mfloat-abi=soft -mthumb -o "Core/Src/system_stm32f1xx.o"
arm-none-eabi-gcc -o "PFI_Dendro.elf" @"objects.list"   -mcpu=cortex-m3 -T"C:\Users\dramos\Documents\PFI_Dendrometro\firmware\PFI_Dendro\STM32F103C8TX_FLASH.ld" --specs=nosys.specs -Wl,-Map="PFI_Dendro.map" -Wl,--gc-sections -static --specs=nano.specs -mfloat-abi=soft -mthumb -Wl,--start-group -lc -lm -Wl,--end-group
Finished building target: PFI_Dendro.elf
 
arm-none-eabi-size  PFI_Dendro.elf 
arm-none-eabi-objdump -h -S PFI_Dendro.elf  > "PFI_Dendro.list"
   text	   data	    bss	    dec	    hex	filename
  10204	     12	   1724	  11940	   2ea4	PFI_Dendro.elf
Finished building: default.size.stdout
 
Finished building: PFI_Dendro.list
 

16:54:23 Build Finished. 0 errors, 0 warnings. (took 9s.809ms)

